### 🆕 Added 25 new document(s):
- RFC1522
- RFC1524
- RFC1543
- RFC1554
- RFC1555
- RFC1556
- RFC1602
- RFC1625
- RFC1630
- RFC1641
- RFC1642
- RFC1651
- RFC1661
- RFC1700
- RFC1731
- RFC1732
- RFC1733
- RFC1736
- RFC1741
- RFC1806
- RFC1808
- RFC1815
- RFC1826
- RFC1842
- RFC1843

### 🔁 Updated 0 existing document(s):

### ⚠️ Skipped 0 duplicate(s)

### 🆕 New orphan refs (46) — citations without a standard ID:

- From RFC1554 (bibliographic) → `orphan/RFC1554/h:7df830a9`:
  - cite: International Organization for Standardization (ISO), "International Register of Coded Character Sets To Be Used With Escape Sequences".
- From RFC1554 (bibliographic) → `orphan/RFC1554/h:6fcf9e03`:
  - cite: Nishikimi, M., Handa, K., and S. Tomura, "Mule: MULtilingual Enhancement to GNU Emacs", Proc. of INET'93, August, 1993.
- From RFC1556 (bibliographic) → `orphan/RFC1556/h:de3792be`:
  - cite: [ECMA TR/53] Handling of Bi-Directional Texts, European Computer Manufacturers Association, 114 Rue du Rhone, CH-1204, Geneva, Switzerland, June 1992.
- From RFC1625 (bibliographic) → `orphan/RFC1625/h:237eb44d`:
  - cite: National Information Standards Organization (NISO). American National Standard Z39.50, Information Retrieval Service Definition and Protocol Specifications for Library Applications, New Brunswick, NJ, Transaction Publishers; 1988.
- From RFC1625 (bibliographic) → `orphan/RFC1625/h:b7017cf4`:
  - cite: Z39.50 Version 3: Draft 8", October 1993. Maintenance Agency Reference: Z39.50MA-034.
- From RFC1625 (bibliographic) → `orphan/RFC1625/h:fa9301b3`:
  - cite: Lynch, C., "Using the Z39.50 Information Retrieval Protocol in the Internet Environment", Work in Progress, November 1993.
- From RFC1630 (bibliographic) → `orphan/RFC1630/h:76d2ffdc`:
  - cite: Alberti, R., et.al., "Notes on the Internet Gopher Protocol", University of Minnesota, December 1991, &lt; ftp://boombox.micro.umn.edu/pub/gopher/ gopher_protocol&gt;. See also &lt;gopher://gopher.micro.umn.edu/00/Information About Gopher/About Gopher&gt;
  - href: ftp://boombox.micro.umn.edu/pub/gopher/
- From RFC1630 (bibliographic) → `orphan/RFC1630/h:3af073b3`:
  - cite: Berners-Lee, T., "Hypertext Transfer Protocol (HTTP)", CERN, December 1991, as updated from time to time, &lt; ftp://info.cern.ch/pub/www/doc/http-spec.txt &gt;
  - href: ftp://info.cern.ch/pub/www/doc/http-spec.txt
- From RFC1630 (bibliographic) → `orphan/RFC1630/h:d768dd26`:
  - cite: Davis, F, et al., "WAIS Interface Protocol: Prototype Functional Specification", Thinking Machines Corporation, April 23, 1990. &lt; ftp://quake.think.com/pub/wa is/doc/protspec.txt&gt;
  - href: ftp://quake.think.com/pub/wa
- From RFC1630 (bibliographic) → `orphan/RFC1630/h:cbcb0bb6`:
  - cite: Kunze, J., "Requirements for URLs", Work in Progress.
- From RFC1630 (bibliographic) → `orphan/RFC1630/h:cb67f20b`:
  - cite: Lynch, C., Coalition for Networked Information: "Workshop on ID and Reference Structures for Networked Information", November 1991. See &lt;wais://quake.think.com/wais-discussion-archives?lynch&gt;
- From RFC1630 (bibliographic) → `orphan/RFC1630/h:fe51fb69`:
  - cite: Neuman, B. Clifford, "Prospero: A Tool for Organizing Internet Resources", Electronic Networking: Research, Applications and Policy, Vol 1 No 2, Meckler Westport CT USA, 1992. See also &lt; ftp://prospero.isi.edu/pub/prospero/oir.ps &gt;
  - href: ftp://prospero.isi.edu/pub/prospero/oir.ps
- From RFC1630 (bibliographic) → `orphan/RFC1630/h:6f1a14a7`:
  - cite: Sollins, K., and L. Masinter, "Requiremnets for URNs", Work in Progress.
- From RFC1700 (bibliographic) → `orphan/RFC1700/h:141013d8`:
  - cite: Cohen, D., "On Holy Wars and a Plea for Peace", IEEE Computer Magazine, October 1981.
- From RFC1700 (bibliographic) → `orphan/RFC1700/h:4d24ee58`:
  - cite: Forsdick, H., "CFTP", Network Message, Bolt Beranek and Newman, January 1982.
- From RFC1700 (bibliographic) → `orphan/RFC1700/h:8feb0062`:
  - cite: Cisco Systems, "Gateway Server Reference Manual", Manual Revision B, January 10, 1988.
- From RFC1700 (bibliographic) → `orphan/RFC1700/h:844fd28d`:
  - cite: Feinler, E., Editor, "DDN Protocol Handbook", Network Information Center, SRI International, December 1985.
- From RFC1700 (bibliographic) → `orphan/RFC1700/h:9ffb04b6`:
  - cite: M/A-COM Government Systems, "Dissimilar Gateway Protocol Specification, Draft Version", Contract no. CS901145, November 16, 1987.
- From RFC1700 (bibliographic) → `orphan/RFC1700/h:fbedc625`:
  - cite: "The Ethernet, A Local Area Network: Data Link Layer and Physical Layer Specification", AA-K759B-TK, Digital Equipment Corporation, Maynard, MA. Also as: "The Ethernet - A Local Area Network", Version 1.0, Digital Equipment Corporation, Intel Corporation, Xerox Corporation, September 1980. And: "The Ethernet, A Local Area Network: Data Link Layer and Physical Layer Specifications", Digital, Intel and Xerox, November 1982. And: XEROX, "The Ethernet, A Local Area Network: Data Link Layer and Physical Layer Specification", X3T51/80-50, Xerox Corporation, Stamford, CT., October 1980.
- From RFC1700 (bibliographic) → `orphan/RFC1700/h:8faa44e5`:
  - cite: Shuttleworth, B., "A Documentary of MFENet, a National Computer Network", UCRL-52317, Lawrence Livermore Labs, Livermore, California, June 1977.
- From RFC1700 (bibliographic) → `orphan/RFC1700/h:fbc7009b`:
  - cite: Boggs, D., J. Shoch, E. Taft, and R. Metcalfe, "PUP: An Internetwork Architecture", XEROX Palo Alto Research Center, CSL-79-10, July 1979; also in IEEE Transactions on Communication, Volume COM-28, Number 4, April 1980.
- From RFC1700 (bibliographic) → `orphan/RFC1700/h:30006a5e`:
  - cite: Welch, B., "The Sprite Remote Procedure Call System", Technical Report, UCB/Computer Science Dept., 86/302, University of California at Berkeley, June 1986.
- From RFC1700 (bibliographic) → `orphan/RFC1700/h:da940aee`:
  - cite: Kay, J. and Pasquale, J., "Measurement, Analysis, and Improvement of UDP/IP Throughput for the DECstation 5000," Proceedings of the Winter 1993 Usenix Conference, January 1993 (available for anonymous FTP in
- From RFC1700 (bibliographic) → `orphan/RFC1700/h:6a61f26f`:
  - cite: DDN Protocol Handbook, "Telnet Reconnection Option", "Telnet Output Line Width Option", "Telnet Output Page Size Option", NIC 50005, December 1985.
- From RFC1700 (bibliographic) → `orphan/RFC1700/h:b9c937eb`:
  - cite: ANSI-X12
- From RFC1700 (bibliographic) → `orphan/RFC1700/h:b71d2506`:
  - cite: IS-10646
- From RFC1700 (bibliographic) → `orphan/RFC1700/h:989ff173`:
  - cite: Work in Progress.
- From RFC1700 (bibliographic) → `orphan/RFC1700/h:92e0d8cc`:
  - cite: Miller, S.P., B.C. Neuman, J.I. Schiller, and J.H. Saltzer, "Project Athena Technical Plan Section E.2.1: Kerberos Authentication and Authorization System", Project Athena,
- From RFC1700 (bibliographic) → `orphan/RFC1700/h:17fc33a8`:
  - cite: Kohl, J., and B.C. Neuman, "The Kerberos Network Authentication Service (V5)" work in progress, September 1992.
- From RFC1700 (bibliographic) → `orphan/RFC1700/h:6063cc0f`:
  - cite: BBN, "Specifications for the Interconnection of a Host and
- From RFC1700 (bibliographic) → `orphan/RFC1700/h:9df16fad`:
  - cite: [Ullmann IPv7
- From RFC1700 (bibliographic) → `orphan/RFC1700/h:23c1c287`:
  - cite: Keio University, Panda Programming, June 1993.
- From RFC1700 (bibliographic) → `orphan/RFC1700/h:b0f0e278`:
  - cite: Advanced Computer Communications, Newbridge Networks Corporation, January 1993.
- From RFC1700 (bibliographic) → `orphan/RFC1700/h:89f91c6e`:
  - cite: an IMP", Report 1822, Bolt Beranek and Newman, Cambridge, Massachusetts, revised, December 1981.
- From RFC1731 (bibliographic) → `orphan/RFC1731/h:e1c84df5`:
  - cite: Haller, Neil M. "The S/Key One-Time Password System", Bellcore, Morristown, New Jersey, October 1993, thumper.bellcore.com:pub/nmh/docs/ISOC.symp.ps
- From RFC1741 (bibliographic) → `orphan/RFC1741/h:0a6bbcaa`:
  - cite: APPL90 AppleSingle/AppleDouble Formats for Foreign Files Developer's Note, Apple Computer, Inc., 1990.
- From RFC1808 (bibliographic) → `orphan/RFC1808/h:2c42076b`:
  - cite: Berners-Lee T., and D. Connolly, "HyperText Markup Language Specification -- 2.0", Work in Progress, MIT, HaL Computer Systems, February 1995. &lt;URL:http://www.ics.uci.edu/pub/ietf/html/&gt;
- From RFC1815 (bibliographic) → `orphan/RFC1815/h:b0b5bc9d`:
  - cite: Japanese Standards Association, "Code of the Japanese graphic character set for information interchange", JIS X 0208-1990.
- From RFC1815 (bibliographic) → `orphan/RFC1815/h:8eeadb31`:
  - cite: Thai Industrial Standard for Thai Character Code for Computer, TIS 620-2533:1990.
- From RFC1826 (bibliographic) → `orphan/RFC1826/h:036219ad`:
  - cite: Steven M. Bellovin, "Security Problems in the TCP/IP Protocol Suite", ACM Computer Communications Review, Vol. 19, No. 2, March 1989.
- From RFC1826 (bibliographic) → `orphan/RFC1826/h:98c962b6`:
  - cite: Computer Emergency Response Team (CERT), "IP Spoofing Attacks and Hijacked Terminal Connections", CA-95:01, January 1995. Available via anonymous ftp from info.cert.org in /pub/cert_advisories.
- From RFC1826 (bibliographic) → `orphan/RFC1826/h:ebf9cf8d`:
  - cite: Bob Hinden (Editor), Internet Protocol version 6 (IPv6) Specification, Work in Progress, October 1994.
- From RFC1826 (bibliographic) → `orphan/RFC1826/h:06cf257c`:
  - cite: V.L. Voydock &amp; S.T. Kent, "Security Mechanisms in High-level Networks", ACM Computing Surveys, Vol. 15, No. 2, June 1983.
- From RFC1842 (bibliographic) → `orphan/RFC1842/h:5e608f7e`:
  - cite: Wei, Yagui, "A Proposal for a Consolidated Collection of East Asian Language Coding Standards Using Solely ASCII Printable Characters", June 30, 1994.
- From RFC1842 (bibliographic) → `orphan/RFC1842/h:fb44fb11`:
  - cite: [GB 2312] Technical Administrative Bureau of P.R.China, "Coding of Chinese Ideogram Set for Information Interchange Basic Set", GB 2312-80.
- From RFC1843 (bibliographic) → `orphan/RFC1843/h:aa9c4ecb`:
  - cite: Fung Fung Lee, "HZ - A Data Format for Exchanging Files of Arbitrarily Mixed Chinese and ASCII Characters," September 4, 1989. As part of //ftp.ifcss.org/software/unix/convert/HZ-2.0.tar.gz

### 🧠 MRI updated (beforeExit) — uniqueRefIds=57639, orphans=0
