### 🆕 Added 25 new document(s):
- RFC855
- RFC856
- RFC857
- RFC858
- RFC859
- RFC860
- RFC861
- RFC882
- RFC883
- RFC903
- RFC906
- RFC920
- RFC930
- RFC934
- RFC951
- RFC952
- RFC953
- RFC959
- RFC973
- RFC974
…and 5 more — [full list here](__PR_DETAILS_DIFF_LINK__)

### 🔁 Updated 0 existing document(s):

### ⚠️ Skipped 43 duplicate(s)

### 🆕 New orphan refs (15) — citations without a standard ID:

- From RFC906 (bibliographic) → `orphan/RFC906/h:a3427f52`:
  - cite: Mogul, J., "Internet Broadcasting", Proposed RFC, January 1984.
- From RFC920 (bibliographic) → `orphan/RFC920/h:ef6ea389`:
  - cite: Mockapetris, P., "The Domain Name System", Proceedings of the IFIP 6.5 Working Conference on Computer Message Services, Nottingham, England, May 1984. Also as ISI/RS-84-133, June 1984.
- From RFC920 (bibliographic) → `orphan/RFC920/h:57d9faf0`:
  - cite: Mockapetris, P., J. Postel, and P. Kirton, "Name Server Design for Distributed Systems", Proceedings of the Seventh International Conference on Computer Communication, October 30 to November 3 1984, Sidney, Australia. Also as ISI/RS-84-132, June 1984.
- From RFC959 (bibliographic) → `orphan/RFC959/h:b224cd2f`:
  - cite: Feinler, Elizabeth, "Internet Protocol Transition Workbook", Network Information Center, SRI International, March 1982.
- From RFC987 (bibliographic) → `orphan/RFC987/h:7b24b50e`:
  - cite: K.H. Bonacker, U. Pankoke-Babatz, and H. Santo, "EAN - Conformity to X.400 and DFN-Pflichtenheft," GMD (Gesellschaft fur Mathematik und Datenverarbeitung) report, June 1985.
- From RFC987 (bibliographic) → `orphan/RFC987/h:1ca1f7ea`:
  - cite: CEN/CENELEC/Information Technology/Working Group on Private Message Handling Systems, "FUNCTIONAL STANDARD A/3222," CEN/CLC/IT/WG/PMHS N 17, October 1985.
- From RFC987 (bibliographic) → `orphan/RFC987/h:e18e7967`:
  - cite: M.R. Horton, "Draft Standard for ARPA/MHS Addressing Gateways," AT&amp;T Bell Laboratories, October 1985.
- From RFC987 (bibliographic) → `orphan/RFC987/h:a7364adb`:
  - cite: ICL, "Comparison of service elements of Grey Book Mail and X.400," Mailgroup Note 18: Extract from unpublished report for ITSU (Information Technology Standards Unit), July 1984.
- From RFC987 (bibliographic) → `orphan/RFC987/h:a0da1443`:
  - cite: S.E. Kille, (editor), JNT Mail Protocol (revision 1.0), Joint Network Team, Rutherford Appleton Laboratory, March 1984.
- From RFC987 (bibliographic) → `orphan/RFC987/h:26e0f777`:
  - cite: S.E. Kille, "O/R Names in the UK Academic Community," UK Working Document, March 1986.
- From RFC987 (bibliographic) → `orphan/RFC987/h:8f6cb426`:
  - cite: J. Larmouth, "JNT Name Registration Technical Guide," Salford University Computer Centre, April 1983.
- From RFC987 (bibliographic) → `orphan/RFC987/h:732c5f9a`:
  - cite: G. Neufeld, J. Demco, B. Hilpert, and R. Sample, "EAN: an X.400 message system," in Second International Symposium on Computer Message Systems, Washington, pp. 1-13, North Holland, September 1985.
- From RFC987 (bibliographic) → `orphan/RFC987/h:ca456b99`:
  - cite: M.T. Rose, "Mapping Service Elements between ARPA and MHS," Draft proposal, October 1985.
- From RFC9155 (bibliographic) → `orphan/RFC9155/h:6778d241`:
  - cite: CA/Browser Forum, "Ballot 118 -- SHA-1 Sunset (passed)", October 2014, <https://cabforum.org/2014/10/16/ballot-118-sha-1-sunset/>.
  - href: https://cabforum.org/2014/10/16/ballot-118-sha-1-sunset/
- From RFC9155 (bibliographic) → `orphan/RFC9155/h:1af6c5b5`:
  - cite: Stevens, M., Bursztein, E., Karpman, P., Albertini, A., and Y. Markov, "The First Collision for Full SHA-1", 2017, <https://eprint.iacr.org/2017/190>.
  - href: https://eprint.iacr.org/2017/190

### 🧠 MRI updated (beforeExit) — uniqueRefIds=55485, orphans=0
