### 🆕 Added 2 new document(s):
- RFC1652
- RFC1766

### 🔁 Updated 2 existing document(s):
#### RFC1590 (updated fields: references, docNumber, href, abstract, pages, authors, doi, issn, keywords, status, resolvedHref)
  - docNumber: `undefined` → `1590`
  - href: `https://www.rfc-editor.org/info/rfc1590` → `https://doi.org/10.17487/RFC1590`
  - abstract: `undefined` → `Several questions have been raised about the requirements and administrative procedure for registering MIME content-type and subtypes, and the use of these Media Types for other applications. This document addresses these issues and specifies a procedure for the registration of new Media Types \(content-type/subtypes\). It also generalizes the scope of use of these Media Types to make it appropriate to use the same registrations and specifications with other applications. This memo provides information for the Internet community. This memo does not specify an Internet standard of any kind.`
  - pages: `undefined` → `7`
  - authors: `undefined` → `\["Dr. Jon Postel"\]`
  - doi: `undefined` → `10.17487/RFC1590`
  - issn: `undefined` → `2070-1721`
  - keywords: `undefined` → `\["Email","Multimedia"\]`
  - status changed: 
latestVersion: `undefined` → `false`
supersededBy: `\["RFC2045","RFC2046"\]` → `\["RFC2045","RFC2046","RFC2047","RFC2048","RFC2049"\]`
  - resolvedHref: `https://datatracker.ietf.org/doc/html/rfc1590` → `https://www.rfc-editor.org/info/rfc1590`
  - ➕ Bibliographic Ref(s) added:
 RFC1521RFC1340RFC1543
#### RFC1737 (updated fields: docNumber, href, abstract, pages, authors, doi, issn, status, resolvedHref)
  - docNumber: `undefined` → `1737`
  - href: `https://www.rfc-editor.org/info/rfc1737` → `https://doi.org/10.17487/RFC1737`
  - abstract: `undefined` → `This document specifies a minimum set of requirements for a kind of Internet resource identifier known as Uniform Resource Names \(URNs\). This memo provides information for the Internet community. This memo does not specify an Internet standard of any kind.`
  - pages: `undefined` → `7`
  - authors: `undefined` → `\["Larry M Masinter","Dr. Karen R. Sollins"\]`
  - doi: `undefined` → `10.17487/RFC1737`
  - issn: `undefined` → `2070-1721`
  - status changed: 
latestVersion: `undefined` → `true`
superseded: `undefined` → `false`
  - resolvedHref: `https://datatracker.ietf.org/doc/html/rfc1737` → `https://www.rfc-editor.org/info/rfc1737`

### ⚠️ Skipped 13 duplicate(s)
- IETF.draft-bhutton-json-schema-00
- IETF.draft-bhutton-json-schema-01
- IETF.draft-bhutton-json-schema-validation-01
- RFC1035
- RFC1123
- RFC1321
- RFC1494
- RFC1521
- RFC1557
- RFC1738
- RFC2077
- RFC2130
- RFC977

### 🧠 MRI updated (beforeExit) — uniqueRefIds=1302, orphans=0
