### 🆕 Added 4 new document(s):
- RFC1123
- RFC1557
- RFC2130
- RFC977

### 🔁 Updated 0 existing document(s):

### ⚠️ Skipped 7 duplicate(s)
- IETF.draft-bhutton-json-schema-00
- IETF.draft-bhutton-json-schema-01
- IETF.draft-bhutton-json-schema-validation-01
- RFC1035
- RFC1321
- RFC1494
- RFC1521

### 🚫 Unparseable References Found:

- From RFC1123 (bibliographic):
  - cite: INTRO:2 "DDN Protocol Handbook," NIC-50004, NIC-50005, NIC-50006, (three volumes), SRI International, December 1985.
- From RFC1123 (bibliographic):
  - cite: TELNET:5 "Telnet Suppress Go Ahead Option," J. Postel and J.
- From RFC1123 (bibliographic):
  - cite: DNS:8 "The Domain Name System Handbook," Vol. 4 of Internet Protocol Handbook, NIC 50007, SRI Network Information Center, August 1989. SYSTEM INITIALIZATION REFERENCES:
- From RFC1557 (bibliographic):
  - cite: ASCII American National Standards Institute, "Coded character set -- 7-bit American national standard code for information interchange", ANSI X3.4-1968
- From RFC1557 (bibliographic):
  - cite: KSC5601 Korea Industrial Standards Association, "Code for Information Interchange (Hangul and Hanja)," Korean Industrial Standard, 1987, Ref. No. KS C 5601-1987.
- From RFC1557 (bibliographic):
  - cite: EUC-KR Korea Industrial Standards Association, "Hangul Unix Environment," Korean Industrial Standard, 1992, Ref. No. KS C 5861-1992.

### 🧠 MRI updated (beforeExit) — uniqueRefIds=1293, orphans=0
