### 🆕 Added 0 new document(s):

### 🔁 Updated 46 existing document(s):
#### RFC811 (updated fields: references)
  - ➕ Bibliographic Ref(s) added:
 orphan/RFC811/h:34f092c8
  - ➖ Bibliographic Ref(s) removed:
 orphan/RFC811/h:a4f0e11f
#### RFC821 (updated fields: references)
  - ➕ Bibliographic Ref(s) added:
 INCITS.X3.4.1968
  - ➖ Bibliographic Ref(s) removed:
 orphan/RFC821/h:f4a88c6c
#### RFC1766 (updated fields: references)
  - ➖ Bibliographic Ref(s) removed:
 RFC822
#### RFC1826 (updated fields: keywords)
  - keywords: `\["IPSEC","AH","IP","Security","IPv4","IPv6"\]` → `\["IPSEC","AH","IPv4","IPv6","IP","Security"\]`
#### RFC1874 (updated fields: keywords)
  - keywords: `\["SGML-MT","Multipurpose","Internet","Mail","Extensions"\]` → `\["SGML-MT","MIME"\]`
#### RFC1896 (updated fields: references)
  - ➖ Bibliographic Ref(s) removed:
 orphan/RFC1896/h:6fc79217orphan/RFC1896/h:3d026a63orphan/RFC1896/h:5b2039faorphan/RFC1896/h:f9f9b982orphan/RFC1896/h:5a654908orphan/RFC1896/h:0b77afbdorphan/RFC1896/h:1d17c60c
#### RFC2045 (updated fields: keywords)
  - keywords: `\["MIME","Media","Types","Headers"\]` → `\["MIME","Media Type","Headers"\]`
#### RFC2047 (updated fields: keywords)
  - keywords: `\["MIME-MSG","Media","Types"\]` → `\["MIME-MSG","Media Type"\]`
#### RFC2048 (updated fields: keywords)
  - keywords: `\["Media","Types","External","Body","Access","Content-transfer-encodings"\]` → `\["Media Type","External","Body","Access","Content-transfer-encodings"\]`
#### RFC2049 (updated fields: keywords)
  - keywords: `\["MIME-CONF","Media","Types","Message","Formats"\]` → `\["MIME-CONF","Media Type","Message","Formats"\]`
#### RFC2060 (updated fields: keywords)
  - keywords: `\["IMAPV4","IMAP","Electronic","Mail","Internet","Message","Access","Protocol"\]` → `\["IMAPV4","IMAP","Email","Internet","Message","Access","Protocol"\]`
#### RFC2077 (updated fields: keywords)
  - keywords: `\["MIME-MODEL","MIME","Media","Types","Content"\]` → `\["MIME-MODEL","MIME","Media Type","Content"\]`
#### RFC2104 (updated fields: keywords)
  - keywords: `\["IPSEC","Message","Digest","Internet","Protocol","Security","Encryption"\]` → `\["IPSEC","Message Digest","IP","Security","Encryption"\]`
#### RFC2141 (updated fields: keywords)
  - keywords: `\["URN-SYNTAX","Uniform","Resource","Names"\]` → `\["URN-SYNTAX","URN"\]`
#### RFC2437 (updated fields: references)
  - ➕ Bibliographic Ref(s) added:
 RSA.PKCS1.v1.5.1993RSA.PKCS7.v1.5.1993RSA.PKCS12.v1.0.1997
  - ➖ Bibliographic Ref(s) removed:
 orphan/RFC2437/h:e971f9edorphan/RFC2437/h:92b36b0aorphan/RFC2437/h:8d2826aa
#### RFC2693 (updated fields: references)
  - ➕ Bibliographic Ref(s) added:
 RSA.PKCS1.v1.4.1991
  - ➖ Bibliographic Ref(s) removed:
 orphan/RFC2693/h:51b417b4
#### RFC3076 (updated fields: references)
  - ➕ Bibliographic Ref(s) added:
 orphan/RFC3076/h:d71d72c0
  - ➖ Bibliographic Ref(s) removed:
 orphan/RFC3076/h:a993e047
#### RFC3092 (updated fields: references)
  - ➕ Bibliographic Ref(s) added:
 orphan/RFC3092/h:e85e9f2a
#### RFC3275 (updated fields: references)
  - ➖ Bibliographic Ref(s) removed:
 W3C.rdf-syntax.19990222
#### RFC3406 (updated fields: keywords)
  - keywords: `\["Namespace","Structure"\]` → `\["Namespace","Structure","Application"\]`
#### RFC3447 (updated fields: references)
  - ➕ Bibliographic Ref(s) added:
 RSA.PKCS1.v2.0.1998RSA.PKCS8.v1.2.1993RSA.PKCS12.v1.0.1999
  - ➖ Bibliographic Ref(s) removed:
 orphan/RFC3447/h:94dd55f2orphan/RFC3447/h:88518fd0orphan/RFC3447/h:876041ba
#### RFC3552 (updated fields: keywords)
  - keywords: `\["Security Considerations"\]` → `\["Security Considerations","RFC"\]`
#### RFC3741 (updated fields: keywords)
  - keywords: `\["Extensible Markup Language","Namespace"\]` → `\["Extensible Markup Language","Namespace","XML"\]`
#### RFC4251 (updated fields: references)
  - ➕ Bibliographic Ref(s) added:
 NIST.FIPS.186
  - ➖ Bibliographic Ref(s) removed:
 NIST.FIPS.186-2
#### RFC4306 (updated fields: keywords)
  - keywords: `\["IPSEC","Internet","Protocol","Security","Cryptography","Authentication","IKE","Oakley","ISAKMP"\]` → `\["IPSEC","IP","Security","Cryptography","Authentication","IKE","Oakley","ISAKMP"\]`
#### RFC4346 (updated fields: references)
  - ➕ Bibliographic Ref(s) added:
 RSA.PKCS6.v1.5.1993RSA.PKCS7.v1.5.1993
  - ➖ Bibliographic Ref(s) removed:
 orphan/RFC4346/h:1e24d5b0orphan/RFC4346/h:689fb8de
#### RFC4514 (updated fields: keywords)
  - keywords: `\["LDAPv3","X.500","ASN.1","String"\]` → `\["LDAPv3","X.500","ASN.1","String","String Format"\]`
#### RFC4918 (updated fields: keywords)
  - keywords: `\["WebDAV","Transfer","Protocol","Web","Content"\]` → `\["WebDAV","Transfer","Protocol","Web","Content","HTTP"\]`
#### RFC5246 (updated fields: references, keywords)
  - keywords: `\["Authentication","Privacy"\]` → `\["Authentication","Privacy","TLS"\]`
  - ➕ Bibliographic Ref(s) added:
 RSA.PKCS6.v1.5.1993RSA.PKCS7.v1.5.1993
  - ➖ Bibliographic Ref(s) removed:
 orphan/RFC5246/h:872dd9f2orphan/RFC5246/h:fdb05ef4
#### RFC5322 (updated fields: references)
  - ➕ Normative Ref(s) added:
 INCITS.X3.4.1986
  - ➖ Normative Ref(s) removed:
 ANSI.X3.4.1986
#### RFC6090 (updated fields: references)
  - ➕ Normative Ref(s) added:
 RSA.PKCS1.v1.5.1993
  - ➖ Normative Ref(s) removed:
 orphan/RFC6090/h:14f69409
#### RFC6125 (updated fields: references)
  - ➕ Bibliographic Ref(s) added:
 INCITS.X3.4.1986
  - ➖ Bibliographic Ref(s) removed:
 ANSI.X3.4.1986
#### RFC6194 (updated fields: references)
  - ➕ Normative Ref(s) added:
 orphan/RFC6194/h:36b0a9bf
  - ➖ Normative Ref(s) removed:
 orphan/RFC6194/h:42414c49
#### RFC6234 (updated fields: references)
  - ➕ Normative Ref(s) added:
 INCITS.X3.4.1968
  - ➖ Normative Ref(s) removed:
 orphan/RFC6234/h:55a6fb9b
#### RFC6335 (updated fields: references)
  - ➕ Normative Ref(s) added:
 INCITS.X3.4.1986
  - ➖ Normative Ref(s) removed:
 ANSI.X3.4.1986
#### RFC6455 (updated fields: references)
  - ➕ Normative Ref(s) added:
 INCITS.X3.4.1986
  - ➖ Normative Ref(s) removed:
 ANSI.X3.4.1986
#### RFC6570 (updated fields: references)
  - ➕ Normative Ref(s) added:
 INCITS.X3.4.1986
  - ➖ Normative Ref(s) removed:
 ANSI.X3.4.1986
#### RFC6943 (updated fields: references)
  - ➕ Bibliographic Ref(s) added:
 UNICODE.STD.TR36-11INCITS.X3.4.1986
  - ➖ Bibliographic Ref(s) removed:
 ANSI.X3.4.1986orphan/RFC6943/h:c613db86
#### RFC7170 (updated fields: references)
  - ➕ Bibliographic Ref(s) added:
 IEEE.STD802.1X.2013
  - ➖ Bibliographic Ref(s) removed:
 orphan/RFC7170/h:844b9d2f
#### RFC7615 (updated fields: keywords)
  - keywords: `\["HTTP","Authentication"\]` → `\["HTTP Authentication"\]`
#### RFC7748 (updated fields: keywords)
  - keywords: `\["Elliptic Curve","Cryptography","ECC"\]` → `\["Elliptic Curve Cryptography","ECC"\]`
#### RFC7895 (updated fields: keywords)
  - keywords: `\["NETCONF","RESTCONF"\]` → `\["NETCONF RESTCONF"\]`
#### RFC8017 (updated fields: references)
  - ➕ Bibliographic Ref(s) added:
 RSA.PKCS1.v2.2.2012
  - ➖ Bibliographic Ref(s) removed:
 orphan/RFC8017/h:ec0319c1
#### RFC8342 (updated fields: keywords)
  - keywords: `\["YANG","NETCONF","RESTCONF","Network Management"\]` → `\["YANG","NETCONF RESTCONF","Network Management"\]`
#### RFC8349 (updated fields: keywords)
  - keywords: `\["Configuration","IPv6 Router Advertisements","NETCONF","RESTCONF"\]` → `\["Configuration","IPv6 Router Advertisements","NETCONF RESTCONF"\]`
#### RFC9191 (updated fields: keywords)
  - keywords: `\["EAP-TLS","X.509","EAP","MTU"\]` → `\["EAP-TLS","X.509","EAP","MTU","EAP Authenticator"\]`

### ⚠️ Skipped 390 duplicate(s)
- IETF.draft-bhutton-json-schema-00
- IETF.draft-bhutton-json-schema-01
- IETF.draft-bhutton-json-schema-validation-00
- IETF.draft-bhutton-json-schema-validation-01
- IETF.draft-byrne-opsec-udp-advisory-00
- IETF.draft-handrews-json-schema-hyperschema-02
- IETF.draft-handrews-relative-json-pointer-01
- IETF.draft-ietf-core-cocoa-02
- IETF.draft-ietf-core-object-security-08
- IETF.draft-ietf-emu-aka-pfs-05
- IETF.draft-ietf-emu-tls-eap-types-04
- IETF.draft-ietf-imap-disc-00
- IETF.draft-ietf-lwig-tcp-constrained-node-networks-01
- IETF.draft-ietf-netmod-rfc8022bis-11
- IETF.draft-ietf-netmod-schema-mount-08
- IETF.draft-ietf-ospf-yang-10
- IETF.draft-ietf-rtgwg-ni-model-11
- IETF.draft-ietf-tls-rfc8446bis-03
- IETF.draft-ietf-tls-ticketrequests-07
- IETF.draft-ietf-uri-irl-fun-req-02
- IETF.draft-mcgrew-hash-sigs-11
- IETF.draft-mcgrew-standby-cipher-00
- IETF.draft-silverajan-core-coap-alternative-transports-10
- IETF.draft-thaler-appsawg-multi-transport-uris-01
- RFC373
- RFC678
- RFC726
- RFC728
- RFC729
- RFC732
- RFC733
- RFC734
- RFC736
- RFC742
- RFC765
- RFC768
- RFC783
- RFC793
- RFC799
- RFC805
- RFC810
- RFC812
- RFC819
- RFC822
- RFC830
- RFC850
- RFC854
- RFC855
- RFC856
- RFC857
- RFC858
- RFC859
- RFC860
- RFC861
- RFC882
- RFC883
- RFC903
- RFC906
- RFC920
- RFC930
- RFC934
- RFC951
- RFC952
- RFC953
- RFC959
- RFC973
- RFC974
- RFC977
- RFC980
- RFC987
- RFC1001
- RFC1002
- RFC1010
- RFC1011
- RFC1031
- RFC1032
- RFC1033
- RFC1034
- RFC1035
- RFC1036
- RFC1043
- RFC1047
- RFC1048
- RFC1049
- RFC1052
- RFC1065
- RFC1066
- RFC1073
- RFC1079
- RFC1080
- RFC1084
- RFC1091
- RFC1095
- RFC1098
- RFC1109
- RFC1116
- RFC1122
- RFC1123
- RFC1154
- RFC1176
- RFC1319
- RFC1320
- RFC1321
- RFC1327
- RFC1340
- RFC1341
- RFC1342
- RFC1343
- RFC1344
- RFC1345
- RFC1421
- RFC1422
- RFC1423
- RFC1424
- RFC1426
- RFC1436
- RFC1468
- RFC1489
- RFC1494
- RFC1495
- RFC1502
- RFC1521
- RFC1522
- RFC1524
- RFC1543
- RFC1554
- RFC1555
- RFC1556
- RFC1557
- RFC1590
- RFC1602
- RFC1625
- RFC1630
- RFC1641
- RFC1642
- RFC1651
- RFC1652
- RFC1661
- RFC1700
- RFC1731
- RFC1732
- RFC1733
- RFC1736
- RFC1737
- RFC1738
- RFC1741
- RFC1806
- RFC1808
- RFC1815
- RFC1842
- RFC1843
- RFC1864
- RFC1866
- RFC1922
- RFC1945
- RFC1958
- RFC2026
- RFC2040
- RFC2044
- RFC2046
- RFC2061
- RFC2062
- RFC2070
- RFC2110
- RFC2119
- RFC2130
- RFC2183
- RFC2231
- RFC2234
- RFC2244
- RFC2246
- RFC2253
- RFC2268
- RFC2277
- RFC2279
- RFC2302
- RFC2315
- RFC2376
- RFC2396
- RFC2401
- RFC2413
- RFC2418
- RFC2445
- RFC2459
- RFC2518
- RFC2560
- RFC2616
- RFC2617
- RFC2629
- RFC2646
- RFC2648
- RFC2673
- RFC2703
- RFC2781
- RFC2801
- RFC2818
- RFC2865
- RFC2898
- RFC2954
- RFC2955
- RFC2978
- RFC3020
- RFC3023
- RFC3030
- RFC3061
- RFC3066
- RFC3075
- RFC3083
- RFC3174
- RFC3201
- RFC3202
- RFC3268
- RFC3280
- RFC3295
- RFC3302
- RFC3310
- RFC3339
- RFC3394
- RFC3629
- RFC3676
- RFC3684
- RFC3688
- RFC3713
- RFC3748
- RFC3798
- RFC3962
- RFC3970
- RFC3977
- RFC3986
- RFC3987
- RFC4010
- RFC4036
- RFC4050
- RFC4051
- RFC4055
- RFC4086
- RFC4122
- RFC4131
- RFC4137
- RFC4169
- RFC4186
- RFC4187
- RFC4234
- RFC4246
- RFC4269
- RFC4282
- RFC4284
- RFC4288
- RFC4291
- RFC4301
- RFC4323
- RFC4329
- RFC4452
- RFC4506
- RFC4510
- RFC4539
- RFC4546
- RFC4547
- RFC4634
- RFC4639
- RFC4646
- RFC4647
- RFC4648
- RFC4682
- RFC4851
- RFC5077
- RFC5098
- RFC5113
- RFC5116
- RFC5119
- RFC5147
- RFC5191
- RFC5216
- RFC5226
- RFC5234
- RFC5247
- RFC5277
- RFC5280
- RFC5281
- RFC5321
- RFC5428
- RFC5448
- RFC5607
- RFC5646
- RFC5689
- RFC5705
- RFC5756
- RFC5785
- RFC5869
- RFC5890
- RFC5891
- RFC6020
- RFC6040
- RFC6066
- RFC6151
- RFC6152
- RFC6241
- RFC6242
- RFC6243
- RFC6265
- RFC6347
- RFC6454
- RFC6470
- RFC6531
- RFC6557
- RFC6596
- RFC6597
- RFC6657
- RFC6733
- RFC6756
- RFC6818
- RFC6838
- RFC6839
- RFC6854
- RFC6874
- RFC6901
- RFC6931
- RFC6960
- RFC6973
- RFC6991
- RFC7049
- RFC7230
- RFC7231
- RFC7232
- RFC7233
- RFC7234
- RFC7235
- RFC7241
- RFC7252
- RFC7258
- RFC7296
- RFC7301
- RFC7302
- RFC7303
- RFC7320
- RFC7405
- RFC7406
- RFC7407
- RFC7457
- RFC7465
- RFC7525
- RFC7539
- RFC7540
- RFC7542
- RFC7593
- RFC7595
- RFC7616
- RFC7617
- RFC7619
- RFC7624
- RFC7641
- RFC7696
- RFC7925
- RFC7950
- RFC7959
- RFC7972
- RFC8032
- RFC8040
- RFC8098
- RFC8126
- RFC8141
- RFC8174
- RFC8259
- RFC8288
- RFC8307
- RFC8323
- RFC8340
- RFC8341
- RFC8343
- RFC8344
- RFC8345
- RFC8348
- RFC8391
- RFC8398
- RFC8399
- RFC8439
- RFC8446
- RFC8447
- RFC8525
- RFC8526
- RFC8528
- RFC8615
- RFC8820
- RFC8996
- RFC9048
- RFC9141
- RFC9155
- RFC9190
- RFC9231
- RFC9678

### 🆕 New orphan refs (4) — citations without a standard ID:

- From RFC811 (bibliographic) → `orphan/RFC811/h:34f092c8`:
  - cite: Pickens, J., Feinler, E., and Mathis, J. The NIC Name Server, A Datagram-based Information Utility, Network Information Center, SRI International, July
- From RFC3076 (bibliographic) → `orphan/RFC3076/h:d71d72c0`:
  - cite: W3C XML Plenary Decision on relative URI References In namespace declarations, W3C Document. 11 September 2000. http://lists.w3.org/Archives/Public/xml- uri/2000Sep/0083.html .
  - href: http://lists.w3.org/Archives/Public/xml-uri/2000Sep/0083.html
- From RFC3092 (bibliographic) → `orphan/RFC3092/h:e85e9f2a`:
  - cite: &lt; http://www.rarebreed.com/breeds/foo/foo.html &gt;.
  - href: http://www.rarebreed.com/breeds/foo/foo.html
- From RFC6194 (normative) → `orphan/RFC6194/h:36b0a9bf`:
  - cite: Manuell, S., "Classification and Generation of Disturbance Vectors for Collision Attacks against SHA-1", http://eprint.iacr.org/2008/469.pdf .
  - href: http://eprint.iacr.org/2008/469.pdf

ℹ️ 928 orphan ref(s) already in the MRI were seen again (not listed).

### 🧠 MRI updated (beforeExit) — uniqueRefIds=57849, orphans=0
