### 🆕 Added 2 new document(s):
- IETF.draft-ietf-netmod-rfc8022bis-11
- IETF.draft-ietf-tls-rfc8446bis-03

### 🔁 Updated 2 existing document(s):
#### IETF.draft-ietf-core-object-security-08 (updated fields: references)
  - ➕ Bibliographic Ref(s) added:
 IETF.draft-ietf-ace-oauth-authzIETF.draft-ietf-cbor-cddlIETF.draft-ietf-core-coap-tcp-tlsIETF.draft-bormann-6lo-coap-802-15-ieIETF.draft-hartke-core-e2e-security-reqsIETF.draft-mattsson-core-coap-actuatorsIETF.draft-ietf-ace-oscore-profileIETF.draft-tiloca-core-multicast-oscoapIETF.draft-ietf-core-echo-request-tagIETF.draft-ietf-6tisch-minimal-securityIETF.draft-mattsson-ace-tls-oscore
  - ➖ Bibliographic Ref(s) removed:
 orphan/IETF.draft-ietf-core-object-security-08/h:230de0f3orphan/IETF.draft-ietf-core-object-security-08/h:495cdccaorphan/IETF.draft-ietf-core-object-security-08/h:8f7457a1orphan/IETF.draft-ietf-core-object-security-08/h:a822b9f5orphan/IETF.draft-ietf-core-object-security-08/h:4735b997orphan/IETF.draft-ietf-core-object-security-08/h:66e56711orphan/IETF.draft-ietf-core-object-security-08/h:c60b3d10orphan/IETF.draft-ietf-core-object-security-08/h:690c7e32orphan/IETF.draft-ietf-core-object-security-08/h:f7118992
#### IETF.draft-ietf-ospf-yang-10 (updated fields: references)
  - ➕ Bibliographic Ref(s) added:
 IETF.draft-ietf-netmod-revised-datastores
  - ➖ Bibliographic Ref(s) removed:
 orphan/IETF.draft-ietf-ospf-yang-10/h:b02894d2

### ⚠️ Skipped 17 duplicate(s)
- IETF.draft-bhutton-json-schema-validation-00
- IETF.draft-byrne-opsec-udp-advisory-00
- IETF.draft-handrews-json-schema-hyperschema-02
- IETF.draft-handrews-relative-json-pointer-01
- IETF.draft-ietf-core-cocoa-02
- IETF.draft-ietf-emu-aka-pfs-05
- IETF.draft-ietf-emu-tls-eap-types-04
- IETF.draft-ietf-imap-disc-00
- IETF.draft-ietf-lwig-tcp-constrained-node-networks-01
- IETF.draft-ietf-netmod-schema-mount-08
- IETF.draft-ietf-rtgwg-ni-model-11
- IETF.draft-ietf-tls-ticketrequests-07
- IETF.draft-ietf-uri-irl-fun-req-02
- IETF.draft-mcgrew-hash-sigs-11
- IETF.draft-mcgrew-standby-cipher-00
- IETF.draft-silverajan-core-coap-alternative-transports-10
- IETF.draft-thaler-appsawg-multi-transport-uris-01

ℹ️ 26 orphan ref(s) already in the MRI were seen again (not listed).

### 🧠 MRI updated (beforeExit) — uniqueRefIds=57867, orphans=0
