### 🆕 Added 0 new document(s):

### 🔁 Updated 15 existing document(s):
#### RFC3030 (updated fields: keywords)
  - keywords: `\["SMTP","Simple Mail Transfer Protocol","Multipurpose","Internet"\]` → `\["SMTP","Multipurpose","Internet"\]`
#### RFC3061 (updated fields: keywords)
  - keywords: `\["Uniform","Resource","Names","OIDs"\]` → `\["URN","OID"\]`
#### RFC3075 (updated fields: references, keywords)
  - keywords: `\["Markup","Language"\]` → `\["Markup","Language","XML"\]`
  - ➕ Bibliographic Ref(s) added:
 UNICODE.STD.TR15-18W3C.CR-rdf-schema.20000327IEEE.STD1363.2000W3C.WD-xlink.19990726W3C.WD-xsl.20000327
  - ➖ Bibliographic Ref(s) removed:
 orphan/RFC3075/h:ffa44a6borphan/RFC3075/h:1ba94739orphan/RFC3075/h:ec25149eorphan/RFC3075/h:d727e800orphan/RFC3075/h:ea0892b1
#### RFC3076 (updated fields: references, keywords)
  - keywords: `\["Markup","Language"\]` → `\["Markup","Language","XML"\]`
  - ➕ Bibliographic Ref(s) added:
 W3C.WD-xml-c14n.20000119UNICODE.STD.TR15-18
  - ➖ Bibliographic Ref(s) removed:
 orphan/RFC3076/h:a8f13d0aorphan/RFC3076/h:ce9c25cd
#### RFC3083 (updated fields: keywords)
  - keywords: `\["MIB","BPI","Data-over-cable","Service Interface","Specifications"\]` → `\["MIB","BPI","DOCSIS"\]`
#### RFC3174 (updated fields: keywords)
  - keywords: `\["SHA-1","FIPS","Federal","Information","Processing","Standard"\]` → `\["SHA-1","FIPS"\]`
#### RFC3275 (updated fields: references)
  - ➕ Bibliographic Ref(s) added:
 UNICODE.STD.TR15-18W3C.CR-rdf-schema.20000327IEEE.STD1363.2000
  - ➖ Bibliographic Ref(s) removed:
 orphan/RFC3275/h:78d0a6a9orphan/RFC3275/h:d55bf247
#### RFC3280 (updated fields: keywords)
  - keywords: `\["X.509","PKI","Public Key Infrastructure","CRL","Certificate Revocation List"\]` → `\["X.509","PKI","CRL"\]`
#### RFC3295 (updated fields: keywords)
  - keywords: `\["MIB","Controller","Gsmp-mib","General Switch Management Protocol"\]` → `\["MIB","Controller","GSMP-MIB","GSMP"\]`
#### RFC3302 (updated fields: references, keywords)
  - keywords: `\["TIFF","Tag Image File Format","MIME","Multipurpose Internet Mail Extensions"\]` → `\["TIFF","MIME","Multipurpose Internet Mail Extensions"\]`
  - ➕ Normative Ref(s) added:
 TIFF.r6.19920603
  - ➖ Normative Ref(s) removed:
 orphan/RFC3302/h:f1cbbaba
#### RFC3339 (updated fields: keywords)
  - keywords: `\["Timestamps","Gregorian Calendar","ISO","International Organization For Standardization"\]` → `\["Timestamps","Gregorian Calendar","ISO"\]`
#### RFC3406 (updated fields: keywords)
  - keywords: `\["Namespaces","Applications","Structure"\]` → `\["Namespace","Structure"\]`
#### RFC3447 (updated fields: keywords)
  - keywords: `\["Data","Public","Cryptosystem"\]` → `\["Data","Public","Cryptosystem","Public Key Cryptography"\]`
#### RFC3552 (updated fields: keywords)
  - keywords: `\["RFC","Request For Comment","Security Considerations"\]` → `\["Security Considerations"\]`
#### RFC3676 (updated fields: keywords)
  - keywords: `\["Media Type","MIME","Multipurpose","Internet","Mail","Extension"\]` → `\["Media Type","MIME"\]`

### ⚠️ Skipped 10 duplicate(s)

ℹ️ 77 orphan ref(s) already in the MRI were seen again (not listed).

### 🧠 MRI updated (beforeExit) — uniqueRefIds=57234, orphans=0
