### 🆕 Added 0 new document(s):

### 🔁 Updated 46 existing document(s):
#### RFC811 (updated fields: references)
  - ➕ Bibliographic Ref(s) added:
 orphan/RFC811/h:34f092c8
  - ➖ Bibliographic Ref(s) removed:
 orphan/RFC811/h:a4f0e11f
#### RFC821 (updated fields: references)
  - ➕ Bibliographic Ref(s) added:
 INCITS.X3.4.1968
  - ➖ Bibliographic Ref(s) removed:
 orphan/RFC821/h:f4a88c6c
#### RFC1766 (updated fields: references)
  - ➖ Bibliographic Ref(s) removed:
 RFC822
#### RFC1826 (updated fields: keywords)
  - keywords: `\["IPSEC","AH","IP","Security","IPv4","IPv6"\]` → `\["IPSEC","AH","IPv4","IPv6","IP","Security"\]`
#### RFC1874 (updated fields: keywords)
  - keywords: `\["SGML-MT","Multipurpose","Internet","Mail","Extensions"\]` → `\["SGML-MT","MIME"\]`
#### RFC1896 (updated fields: references)
  - ➖ Bibliographic Ref(s) removed:
 orphan/RFC1896/h:6fc79217orphan/RFC1896/h:3d026a63orphan/RFC1896/h:5b2039faorphan/RFC1896/h:f9f9b982orphan/RFC1896/h:5a654908orphan/RFC1896/h:0b77afbdorphan/RFC1896/h:1d17c60c
#### RFC2045 (updated fields: keywords)
  - keywords: `\["MIME","Media","Types","Headers"\]` → `\["MIME","Media Type","Headers"\]`
#### RFC2047 (updated fields: keywords)
  - keywords: `\["MIME-MSG","Media","Types"\]` → `\["MIME-MSG","Media Type"\]`
#### RFC2048 (updated fields: keywords)
  - keywords: `\["Media","Types","External","Body","Access","Content-transfer-encodings"\]` → `\["Media Type","External","Body","Access","Content-transfer-encodings"\]`
#### RFC2049 (updated fields: keywords)
  - keywords: `\["MIME-CONF","Media","Types","Message","Formats"\]` → `\["MIME-CONF","Media Type","Message","Formats"\]`
#### RFC2060 (updated fields: keywords)
  - keywords: `\["IMAPV4","IMAP","Electronic","Mail","Internet","Message","Access","Protocol"\]` → `\["IMAPV4","IMAP","Email","Internet","Message","Access","Protocol"\]`
#### RFC2077 (updated fields: keywords)
  - keywords: `\["MIME-MODEL","MIME","Media","Types","Content"\]` → `\["MIME-MODEL","MIME","Media Type","Content"\]`
#### RFC2104 (updated fields: keywords)
  - keywords: `\["IPSEC","Message","Digest","Internet","Protocol","Security","Encryption"\]` → `\["IPSEC","Message Digest","IP","Security","Encryption"\]`
#### RFC2141 (updated fields: keywords)
  - keywords: `\["URN-SYNTAX","Uniform","Resource","Names"\]` → `\["URN-SYNTAX","URN"\]`
#### RFC2437 (updated fields: references)
  - ➕ Bibliographic Ref(s) added:
 RSA.PKCS1.v1.5.1993RSA.PKCS7.v1.5.1993RSA.PKCS12.v1.0.1997
  - ➖ Bibliographic Ref(s) removed:
 orphan/RFC2437/h:e971f9edorphan/RFC2437/h:92b36b0aorphan/RFC2437/h:8d2826aa
#### RFC2693 (updated fields: references)
  - ➕ Bibliographic Ref(s) added:
 RSA.PKCS1.v1.4.1991
  - ➖ Bibliographic Ref(s) removed:
 orphan/RFC2693/h:51b417b4
#### RFC3076 (updated fields: references)
  - ➕ Bibliographic Ref(s) added:
 orphan/RFC3076/h:d71d72c0
  - ➖ Bibliographic Ref(s) removed:
 orphan/RFC3076/h:a993e047
#### RFC3092 (updated fields: references)
  - ➕ Bibliographic Ref(s) added:
 orphan/RFC3092/h:e85e9f2a
#### RFC3275 (updated fields: references)
  - ➖ Bibliographic Ref(s) removed:
 W3C.rdf-syntax.19990222
#### RFC3406 (updated fields: keywords)
  - keywords: `\["Namespace","Structure"\]` → `\["Namespace","Structure","Application"\]`
…and 26 more — [full list here](__PR_DETAILS_DIFF_LINK__)

### ⚠️ Skipped 390 duplicate(s)

### 🆕 New orphan refs (4) — citations without a standard ID:

- From RFC811 (bibliographic) → `orphan/RFC811/h:34f092c8`:
  - cite: Pickens, J., Feinler, E., and Mathis, J. The NIC Name Server, A Datagram-based Information Utility, Network Information Center, SRI International, July
- From RFC3076 (bibliographic) → `orphan/RFC3076/h:d71d72c0`:
  - cite: W3C XML Plenary Decision on relative URI References In namespace declarations, W3C Document. 11 September 2000. http://lists.w3.org/Archives/Public/xml- uri/2000Sep/0083.html .
  - href: http://lists.w3.org/Archives/Public/xml-uri/2000Sep/0083.html
- From RFC3092 (bibliographic) → `orphan/RFC3092/h:e85e9f2a`:
  - cite: &lt; http://www.rarebreed.com/breeds/foo/foo.html &gt;.
  - href: http://www.rarebreed.com/breeds/foo/foo.html
- From RFC6194 (normative) → `orphan/RFC6194/h:36b0a9bf`:
  - cite: Manuell, S., "Classification and Generation of Disturbance Vectors for Collision Attacks against SHA-1", http://eprint.iacr.org/2008/469.pdf .
  - href: http://eprint.iacr.org/2008/469.pdf

ℹ️ 928 orphan ref(s) already in the MRI were seen again (not listed).

### 🧠 MRI updated (beforeExit) — uniqueRefIds=57849, orphans=0
