### 🆕 Added 0 new document(s):

### 🔁 Updated 416 existing document(s):
#### SMPTE.ECR1.1978 (updated fields: status)
  - status changed: 
active: `false` → `undefined`
latestVersion: `false` → `undefined`
superseded: `true` → `undefined`
supersededDate: `1990-03-28` → `undefined`
supersededBy: `\["SMPTE.EG1.1990"\]` → `\[\]`
#### SMPTE.EG10.1996 (updated fields: status)
  - status changed: 
active: `false` → `undefined`
latestVersion: `false` → `undefined`
superseded: `true` → `undefined`
supersededDate: `2003-02-07` → `undefined`
supersededBy: `\["SMPTE.EG10.2003"\]` → `\[\]`
#### SMPTE.EG12.1986 (updated fields: status)
  - status changed: 
active: `false` → `undefined`
latestVersion: `false` → `undefined`
superseded: `true` → `undefined`
supersededDate: `1994-02-08` → `undefined`
supersededBy: `\["SMPTE.EG12.1994"\]` → `\[\]`
#### SMPTE.EG14.1999 (updated fields: status)
  - status changed: 
active: `false` → `undefined`
latestVersion: `false` → `undefined`
superseded: `true` → `undefined`
supersededDate: `2005-12-16` → `undefined`
supersededBy: `\["SMPTE.EG14.2005"\]` → `\[\]`
#### SMPTE.EG15.1987 (updated fields: status)
  - status changed: 
active: `false` → `undefined`
latestVersion: `false` → `undefined`
superseded: `true` → `undefined`
supersededDate: `2005-04-04` → `undefined`
supersededBy: `\["SMPTE.EG15.2005"\]` → `\[\]`
#### SMPTE.EG16.1997 (updated fields: status)
  - status changed: 
active: `false` → `undefined`
latestVersion: `false` → `undefined`
superseded: `true` → `undefined`
supersededDate: `2002-07-26` → `undefined`
supersededBy: `\["SMPTE.EG16.2002"\]` → `\[\]`
#### SMPTE.EG17.1997 (updated fields: status)
  - status changed: 
active: `false` → `undefined`
latestVersion: `false` → `undefined`
superseded: `true` → `undefined`
supersededDate: `2002-07-26` → `undefined`
supersededBy: `\["SMPTE.EG17.2002"\]` → `\[\]`
#### SMPTE.EG18.1989 (updated fields: status)
  - status changed: 
active: `false` → `undefined`
latestVersion: `false` → `undefined`
superseded: `true` → `undefined`
supersededDate: `1994-03-25` → `undefined`
supersededBy: `\["SMPTE.EG18.1994"\]` → `\[\]`
#### SMPTE.EG2.1995 (updated fields: status)
  - status changed: 
active: `false` → `undefined`
latestVersion: `false` → `undefined`
superseded: `true` → `undefined`
supersededDate: `1999-11-05` → `undefined`
supersededBy: `\["SMPTE.EG2.1999"\]` → `\[\]`
#### SMPTE.EG20.1993 (updated fields: status)
  - status changed: 
active: `false` → `undefined`
latestVersion: `false` → `undefined`
superseded: `true` → `undefined`
supersededDate: `1997-09-18` → `undefined`
supersededBy: `\["SMPTE.EG20.1997"\]` → `\[\]`
#### SMPTE.EG21.1993 (updated fields: status)
  - status changed: 
active: `false` → `undefined`
latestVersion: `false` → `undefined`
superseded: `true` → `undefined`
supersededDate: `1997-09-18` → `undefined`
supersededBy: `\["SMPTE.EG21.1997"\]` → `\[\]`
#### SMPTE.EG22.1993 (updated fields: status)
  - status changed: 
active: `false` → `undefined`
latestVersion: `false` → `undefined`
superseded: `true` → `undefined`
supersededDate: `1997-09-18` → `undefined`
supersededBy: `\["SMPTE.EG22.1997"\]` → `\[\]`
#### SMPTE.EG23.1996 (updated fields: status)
  - status changed: 
active: `false` → `undefined`
latestVersion: `false` → `undefined`
superseded: `true` → `undefined`
supersededDate: `2005-12-16` → `undefined`
supersededBy: `\["SMPTE.EG23.2005"\]` → `\[\]`
#### SMPTE.EG24.1991 (updated fields: status)
  - status changed: 
active: `false` → `undefined`
latestVersion: `false` → `undefined`
superseded: `true` → `undefined`
supersededDate: `1995-10-07` → `undefined`
supersededBy: `\["SMPTE.EG24.1995"\]` → `\[\]`
#### SMPTE.EG25.1996 (updated fields: status)
  - status changed: 
active: `false` → `undefined`
latestVersion: `false` → `undefined`
superseded: `true` → `undefined`
supersededDate: `2003-07-17` → `undefined`
supersededBy: `\["SMPTE.EG25.2003"\]` → `\[\]`
#### SMPTE.EG26.1991 (updated fields: status)
  - status changed: 
active: `false` → `undefined`
latestVersion: `false` → `undefined`
superseded: `true` → `undefined`
supersededDate: `1995-08-10` → `undefined`
supersededBy: `\["SMPTE.EG26.1995"\]` → `\[\]`
#### SMPTE.EG27.1994 (updated fields: status)
  - status changed: 
active: `false` → `undefined`
latestVersion: `false` → `undefined`
superseded: `true` → `undefined`
supersededDate: `2004-11-08` → `undefined`
supersededBy: `\["SMPTE.EG27.2004"\]` → `\[\]`
#### SMPTE.EG3.1989 (updated fields: status)
  - status changed: 
active: `false` → `undefined`
latestVersion: `false` → `undefined`
superseded: `true` → `undefined`
supersededDate: `1994-02-08` → `undefined`
supersededBy: `\["SMPTE.EG3.1994"\]` → `\[\]`
#### SMPTE.EG33.1998 (updated fields: status)
  - status changed: 
active: `false` → `undefined`
latestVersion: `false` → `undefined`
superseded: `true` → `undefined`
supersededDate: `2004-11-30` → `undefined`
supersededBy: `\["SMPTE.EG33.2004"\]` → `\[\]`
#### SMPTE.EG34.1999 (updated fields: status)
  - status changed: 
active: `false` → `undefined`
latestVersion: `false` → `undefined`
superseded: `true` → `undefined`
supersededDate: `2004-10-08` → `undefined`
supersededBy: `\["SMPTE.EG34.2004"\]` → `\[\]`
…and 396 more — [full list here](__PR_DETAILS_DIFF_LINK__)

### ⚠️ Skipped 0 duplicate(s)
