### 🆕 Added 0 new document(s):

### 🔁 Updated 3 existing document(s):
#### RFC1052 (updated fields: references)
  - ➕ Bibliographic Ref(s) added:
 orphan/RFC1052/h:305bb7e5orphan/RFC1052/h:e625b9d7orphan/RFC1052/h:aa48474dorphan/RFC1052/h:8c0b543eorphan/RFC1052/h:d131f3d8orphan/RFC1052/h:5aac9906
  - ➖ Bibliographic Ref(s) removed:
 IETF.draft-aaaaIETF.draft-mmmmIETF.draft-nnnnIETF.draft-ppppIETF.draft-smiIETF.draft-ttttIETF.draft-uuuu
#### RFC2104 (updated fields: keywords)
  - keywords: `\["IPSEC","Message Digest","IP","Security","Encryption"\]` → `\["IPSEC","Message Digest","Encryption","IP","Security"\]`
#### RFC4306 (updated fields: keywords)
  - keywords: `\["IPSEC","IP","Security","Cryptography","Authentication","IKE","Oakley","ISAKMP"\]` → `\["IPSEC","Cryptography","Authentication","IKE","Oakley","ISAKMP","IP","Security"\]`

### ⚠️ Skipped 433 duplicate(s)
- IETF.draft-bhutton-json-schema-00
- IETF.draft-bhutton-json-schema-01
- IETF.draft-bhutton-json-schema-validation-00
- IETF.draft-bhutton-json-schema-validation-01
- IETF.draft-byrne-opsec-udp-advisory-00
- IETF.draft-handrews-json-schema-hyperschema-02
- IETF.draft-handrews-relative-json-pointer-01
- IETF.draft-ietf-core-cocoa-02
- IETF.draft-ietf-core-object-security-08
- IETF.draft-ietf-emu-aka-pfs-05
- IETF.draft-ietf-emu-tls-eap-types-04
- IETF.draft-ietf-imap-disc-00
- IETF.draft-ietf-lwig-tcp-constrained-node-networks-01
- IETF.draft-ietf-netmod-rfc8022bis-11
- IETF.draft-ietf-netmod-schema-mount-08
- IETF.draft-ietf-ospf-yang-10
- IETF.draft-ietf-rtgwg-ni-model-11
- IETF.draft-ietf-tls-rfc8446bis-03
- IETF.draft-ietf-tls-ticketrequests-07
- IETF.draft-ietf-uri-irl-fun-req-02
- IETF.draft-mcgrew-hash-sigs-11
- IETF.draft-mcgrew-standby-cipher-00
- IETF.draft-silverajan-core-coap-alternative-transports-10
- IETF.draft-thaler-appsawg-multi-transport-uris-01
- RFC373
- RFC678
- RFC726
- RFC728
- RFC729
- RFC732
- RFC733
- RFC734
- RFC736
- RFC742
- RFC765
- RFC768
- RFC783
- RFC793
- RFC799
- RFC805
- RFC810
- RFC811
- RFC812
- RFC819
- RFC821
- RFC822
- RFC830
- RFC850
- RFC854
- RFC855
- RFC856
- RFC857
- RFC858
- RFC859
- RFC860
- RFC861
- RFC882
- RFC883
- RFC903
- RFC906
- RFC920
- RFC930
- RFC934
- RFC951
- RFC952
- RFC953
- RFC959
- RFC973
- RFC974
- RFC977
- RFC980
- RFC987
- RFC1001
- RFC1002
- RFC1010
- RFC1011
- RFC1031
- RFC1032
- RFC1033
- RFC1034
- RFC1035
- RFC1036
- RFC1043
- RFC1047
- RFC1048
- RFC1049
- RFC1065
- RFC1066
- RFC1073
- RFC1079
- RFC1080
- RFC1084
- RFC1091
- RFC1095
- RFC1098
- RFC1109
- RFC1116
- RFC1122
- RFC1123
- RFC1154
- RFC1176
- RFC1319
- RFC1320
- RFC1321
- RFC1327
- RFC1340
- RFC1341
- RFC1342
- RFC1343
- RFC1344
- RFC1345
- RFC1421
- RFC1422
- RFC1423
- RFC1424
- RFC1426
- RFC1436
- RFC1468
- RFC1489
- RFC1494
- RFC1495
- RFC1502
- RFC1521
- RFC1522
- RFC1524
- RFC1543
- RFC1554
- RFC1555
- RFC1556
- RFC1557
- RFC1590
- RFC1602
- RFC1625
- RFC1630
- RFC1641
- RFC1642
- RFC1651
- RFC1652
- RFC1661
- RFC1700
- RFC1731
- RFC1732
- RFC1733
- RFC1736
- RFC1737
- RFC1738
- RFC1741
- RFC1766
- RFC1806
- RFC1808
- RFC1815
- RFC1826
- RFC1842
- RFC1843
- RFC1864
- RFC1866
- RFC1874
- RFC1896
- RFC1922
- RFC1945
- RFC1958
- RFC2026
- RFC2040
- RFC2044
- RFC2045
- RFC2046
- RFC2047
- RFC2048
- RFC2049
- RFC2060
- RFC2061
- RFC2062
- RFC2070
- RFC2077
- RFC2110
- RFC2119
- RFC2130
- RFC2141
- RFC2183
- RFC2231
- RFC2234
- RFC2244
- RFC2246
- RFC2253
- RFC2268
- RFC2277
- RFC2279
- RFC2302
- RFC2315
- RFC2376
- RFC2396
- RFC2401
- RFC2413
- RFC2418
- RFC2437
- RFC2445
- RFC2459
- RFC2518
- RFC2560
- RFC2616
- RFC2617
- RFC2629
- RFC2646
- RFC2648
- RFC2673
- RFC2693
- RFC2703
- RFC2781
- RFC2801
- RFC2818
- RFC2865
- RFC2898
- RFC2954
- RFC2955
- RFC2978
- RFC3020
- RFC3023
- RFC3030
- RFC3061
- RFC3066
- RFC3075
- RFC3076
- RFC3083
- RFC3092
- RFC3174
- RFC3201
- RFC3202
- RFC3268
- RFC3275
- RFC3280
- RFC3295
- RFC3302
- RFC3310
- RFC3339
- RFC3394
- RFC3406
- RFC3447
- RFC3552
- RFC3629
- RFC3676
- RFC3684
- RFC3688
- RFC3713
- RFC3741
- RFC3748
- RFC3798
- RFC3962
- RFC3970
- RFC3977
- RFC3986
- RFC3987
- RFC4010
- RFC4036
- RFC4050
- RFC4051
- RFC4055
- RFC4086
- RFC4122
- RFC4131
- RFC4137
- RFC4169
- RFC4186
- RFC4187
- RFC4234
- RFC4246
- RFC4251
- RFC4269
- RFC4282
- RFC4284
- RFC4288
- RFC4291
- RFC4301
- RFC4323
- RFC4329
- RFC4346
- RFC4452
- RFC4506
- RFC4510
- RFC4514
- RFC4539
- RFC4546
- RFC4547
- RFC4634
- RFC4639
- RFC4646
- RFC4647
- RFC4648
- RFC4682
- RFC4851
- RFC4918
- RFC5077
- RFC5098
- RFC5113
- RFC5116
- RFC5119
- RFC5147
- RFC5191
- RFC5216
- RFC5226
- RFC5234
- RFC5246
- RFC5247
- RFC5277
- RFC5280
- RFC5281
- RFC5321
- RFC5322
- RFC5428
- RFC5448
- RFC5607
- RFC5646
- RFC5689
- RFC5705
- RFC5756
- RFC5785
- RFC5869
- RFC5890
- RFC5891
- RFC6020
- RFC6040
- RFC6066
- RFC6090
- RFC6125
- RFC6151
- RFC6152
- RFC6194
- RFC6234
- RFC6241
- RFC6242
- RFC6243
- RFC6265
- RFC6335
- RFC6347
- RFC6454
- RFC6455
- RFC6470
- RFC6531
- RFC6557
- RFC6570
- RFC6596
- RFC6597
- RFC6657
- RFC6733
- RFC6756
- RFC6818
- RFC6838
- RFC6839
- RFC6854
- RFC6874
- RFC6901
- RFC6931
- RFC6943
- RFC6960
- RFC6973
- RFC6991
- RFC7049
- RFC7170
- RFC7230
- RFC7231
- RFC7232
- RFC7233
- RFC7234
- RFC7235
- RFC7241
- RFC7252
- RFC7258
- RFC7296
- RFC7301
- RFC7302
- RFC7303
- RFC7320
- RFC7405
- RFC7406
- RFC7407
- RFC7457
- RFC7465
- RFC7525
- RFC7539
- RFC7540
- RFC7542
- RFC7593
- RFC7595
- RFC7615
- RFC7616
- RFC7617
- RFC7619
- RFC7624
- RFC7641
- RFC7696
- RFC7748
- RFC7895
- RFC7925
- RFC7950
- RFC7959
- RFC7972
- RFC8017
- RFC8032
- RFC8040
- RFC8098
- RFC8126
- RFC8141
- RFC8174
- RFC8259
- RFC8288
- RFC8307
- RFC8323
- RFC8340
- RFC8341
- RFC8342
- RFC8343
- RFC8344
- RFC8345
- RFC8348
- RFC8349
- RFC8391
- RFC8398
- RFC8399
- RFC8439
- RFC8446
- RFC8447
- RFC8525
- RFC8526
- RFC8528
- RFC8615
- RFC8820
- RFC8996
- RFC9048
- RFC9141
- RFC9155
- RFC9190
- RFC9191
- RFC9231
- RFC9678

### 🆕 New orphan refs (6) — citations without a standard ID:

- From RFC1052 (bibliographic) → `orphan/RFC1052/h:305bb7e5`:
  - cite: Lee LaBarre, "Data Link Layer Management Information: MAC802.3", DRAFT-MMMM, February 1988.
- From RFC1052 (bibliographic) → `orphan/RFC1052/h:e625b9d7`:
  - cite: Lee LaBarre, "Network Layer Management Information: IP", DRAFT-NNNN, February 1988.
- From RFC1052 (bibliographic) → `orphan/RFC1052/h:aa48474d`:
  - cite: Marshall Rose, "ISO Presentation Services on Top of TCP/IP- based Internets", DRAFT-PPPP, February 1988.
- From RFC1052 (bibliographic) → `orphan/RFC1052/h:8c0b543e`:
  - cite: Lee LaBarre, "Structure and Identification of Management Information for the Internet", DRAFT-SMI, February 1988.
- From RFC1052 (bibliographic) → `orphan/RFC1052/h:d131f3d8`:
  - cite: Lee LaBarre, "Transport Layer Management Information: TCP", DRAFT-TTTT, February 1988.
- From RFC1052 (bibliographic) → `orphan/RFC1052/h:5aac9906`:
  - cite: Lee LaBarre, "Transport Layer Management Information: UDP", DRAFT-UUUU, February 1988.

ℹ️ 932 orphan ref(s) already in the MRI were seen again (not listed).

### 🧠 MRI updated (beforeExit) — uniqueRefIds=57848, orphans=0
