### 🆕 Added 0 new document(s):

### 🔁 Updated 17 existing document(s):
#### RFC4851 (updated fields: references)
  - ➕ Bibliographic Ref(s) added:
 IEEE.STD802.1X.2004
  - ➖ Bibliographic Ref(s) removed:
 orphan/RFC4851/h:2c7ec5fe
#### RFC4918 (updated fields: keywords)
  - keywords: `\["WEBDAV","Hypertext","Transfer","Protocol","Web","Content"\]` → `\["WebDAV","Transfer","Protocol","Web","Content"\]`
#### RFC5098 (updated fields: keywords)
  - keywords: `\["PKTC-IETF-SIG-MIB","SNMP","Packetcable-compliant","Ipcablecom-compliant"\]` → `\["PKTC-IETF-SIG-MIB","SNMP"\]`
#### RFC5113 (updated fields: references)
  - ➕ Bibliographic Ref(s) added:
 IEEE.STD802.11.2003IEEE.STD802.1X.2004orphan/RFC5113/h:99560fadorphan/RFC5113/h:bbdb4475
  - ➖ Bibliographic Ref(s) removed:
 orphan/RFC5113/h:d23415daorphan/RFC5113/h:d0c5a5aforphan/RFC5113/h:86bdc808orphan/RFC5113/h:a6c27c30
#### RFC5116 (updated fields: keywords)
  - keywords: `\["Encryption","Authentication","AEAD","Authenticated Encryption With Associated Data"\]` → `\["Encryption","Authentication","AEAD"\]`
#### RFC5147 (updated fields: keywords)
  - keywords: `\["Uniform Resource Identifier","MIME Entity"\]` → `\["Uniform Resource Identifier","MIME"\]`
#### RFC5191 (updated fields: keywords)
  - keywords: `\["EAP","Exensible Authentication Protocol"\]` → `\["EAP"\]`
#### RFC5216 (updated fields: references, keywords)
  - keywords: `\["Extensible Authentication Protocol","Point-to-point","Link Control Compression","Extensible","Transport Level Security"\]` → `\["EAP","TLS"\]`
  - ➕ Bibliographic Ref(s) added:
 IEEE.STD802.1X.2004IEEE.STD802.16E.2005
  - ➖ Bibliographic Ref(s) removed:
 orphan/RFC5216/h:217193a2orphan/RFC5216/h:6ddacf17
#### RFC5234 (updated fields: keywords)
  - keywords: `\["ABNF","Backus-naur Form","Augmented Backus-naur Form","Rule Definitions","Encoding","Core Lexical Analyzer"\]` → `\["ABNF","BNF","Encoding"\]`
#### RFC5246 (updated fields: references, keywords)
  - keywords: `\["Idea","Authentication","Privacy"\]` → `\["Authentication","Privacy"\]`
  - ➖ Bibliographic Ref(s) removed:
 orphan/RFC5246/h:b6e2c886
#### RFC5247 (updated fields: references, keywords)
  - keywords: `\["Extensible Network Access Authentication","Key Hierarchy","Methods"\]` → `\["EAP","Key Hierarchy"\]`
  - ➕ Bibliographic Ref(s) added:
 IEEE.STD802.1X.2004IEEE.STD802.11F.2003IEEE.STD802.16E.2005orphan/RFC5247/h:e88671ad
  - ➖ Bibliographic Ref(s) removed:
 orphan/RFC5247/h:61d06f95orphan/RFC5247/h:217193a2orphan/RFC5247/h:26f43873orphan/RFC5247/h:32197005
#### RFC5277 (updated fields: keywords)
  - keywords: `\["XML","Extensible Markup Language","NETCONF","Asynchronous Message","Notification"\]` → `\["XML","Extensible Markup Language","NETCONF"\]`
#### RFC5280 (updated fields: keywords)
  - keywords: `\["X.509 v3","X.509 v2","Certificate Extensions"\]` → `\["X.509","Certificate Extensions"\]`
#### RFC5281 (updated fields: references)
  - ➕ Bibliographic Ref(s) added:
 IEEE.STD802.1X.2004IEEE.STD802.11.2007
  - ➖ Bibliographic Ref(s) removed:
 orphan/RFC5281/h:3e7f0b99orphan/RFC5281/h:446486eb
#### RFC5322 (updated fields: keywords)
  - keywords: `\["Mail","E-mail","Email","Electronic MAIL","Header","Address","Mailbox","Reply","Forward","Resend","Resent","Folding","Date","From","Sender","Reply-To","To","Cc","Bcc","Message-ID","In-Reply-To","References","Subject","Comments","Keywords","Resent-Date","Resent-From","Resent-Sender","Resent-To","Resent-Cc","Resent-Bcc","Resent-Reply-To","Resent-Message-ID","Return-Path","Received"\]` → `\["Mail","Email"\]`
#### RFC5646 (updated fields: keywords)
  - keywords: `\["Language Tags","Private Interchange"\]` → `\["Language Tags"\]`
#### RFC5689 (updated fields: keywords)
  - keywords: `\["Webdav","HTTP"\]` → `\["WebDAV","HTTP"\]`

### ⚠️ Skipped 8 duplicate(s)

### 🆕 New orphan refs (3) — citations without a standard ID:

- From RFC5113 (bibliographic) → `orphan/RFC5113/h:99560fad`:
  - cite: Moreton, M., "TGu Requirements", IEEE Contribution 11-05- 0822-03-000u-tgu-requirements, August 2005.
- From RFC5113 (bibliographic) → `orphan/RFC5113/h:bbdb4475`:
  - cite: Ericsson, "Security of EAP and SSID based network advertisements", 3GPP Contribution S3-030736, November 2003.
- From RFC5247 (bibliographic) → `orphan/RFC5247/h:e88671ad`:
  - cite: Pack, S. and Y. Choi, "Pre-Authenticated Fast Handoff in a Public Wireless LAN Based on IEEE 802.1x Model", Proceedings of the IFIP TC6/WG6.8 Working Conference on Personal Wireless Communications, p.175-182, October 23-25, 2002.

ℹ️ 101 orphan ref(s) already in the MRI were seen again (not listed).

### 🧠 MRI updated (beforeExit) — uniqueRefIds=56725, orphans=0
