### 🆕 Added 20 new document(s):
- IETF.draft-bhutton-json-schema-validation-00
- IETF.draft-byrne-opsec-udp-advisory-00
- IETF.draft-handrews-json-schema-hyperschema-02
- IETF.draft-handrews-relative-json-pointer-01
- IETF.draft-ietf-core-cocoa-02
- IETF.draft-ietf-core-object-security-08
- IETF.draft-ietf-emu-aka-pfs-05
- IETF.draft-ietf-emu-tls-eap-types-04
- IETF.draft-ietf-imap-disc-00
- IETF.draft-ietf-lwig-tcp-constrained-node-networks-01
- RFC8022
- IETF.draft-ietf-netmod-schema-mount-08
- IETF.draft-ietf-ospf-yang-10
- IETF.draft-ietf-rtgwg-ni-model-11
- IETF.draft-ietf-tls-ticketrequests-07
- IETF.draft-ietf-uri-irl-fun-req-02
- IETF.draft-mcgrew-hash-sigs-11
- IETF.draft-mcgrew-standby-cipher-00
- IETF.draft-silverajan-core-coap-alternative-transports-10
- IETF.draft-thaler-appsawg-multi-transport-uris-01

### 🔁 Updated 1 existing document(s):
#### RFC8446 (updated fields: keywords)
  - keywords: `\["Authentication","Privacy"\]` → `\["Authentication","Privacy","TLS"\]`

### ⚠️ Skipped 0 duplicate(s)

### 🆕 New orphan refs (36) — citations without a standard ID:

- From IETF.draft-byrne-opsec-udp-advisory-00 (normative) → `orphan/IETF.draft-byrne-opsec-udp-advisory-00/h:54985e93`:
  - cite: Rossow, C., "Amplification Hell: Revisiting Network Protocols for DDoS Abuse", https://www.internetsociety.org/sites/default/files/01_5.pdf , February 2014.
  - href: https://www.internetsociety.org/sites/default/files/01_5.pdf
- From IETF.draft-byrne-opsec-udp-advisory-00 (bibliographic) → `orphan/IETF.draft-byrne-opsec-udp-advisory-00/h:8c733861`:
  - cite: US-CERT,"Alert (TA14-017A) UDP-Based Amplification Attacks", https://www.us-cert.gov/ncas/alerts/TA14-017A , 2015.
  - href: https://www.us-cert.gov/ncas/alerts/TA14-017A
- From IETF.draft-ietf-core-object-security-08 (bibliographic) → `orphan/IETF.draft-ietf-core-object-security-08/h:230de0f3`:
  - cite: I-D.ietf-core-coap-tcp-tls
  - href: https://xml2rfc.tools.ietf.org/public/rfc/bibxml3/reference.I-D.ietf-core-coap-tcp-tls.xml
- From IETF.draft-ietf-core-object-security-08 (bibliographic) → `orphan/IETF.draft-ietf-core-object-security-08/h:495cdcca`:
  - cite: I-D.bormann-6lo-coap-802-15-ie
  - href: https://xml2rfc.tools.ietf.org/public/rfc/bibxml3/reference.I-D.bormann-6lo-coap-802-15-ie.xml
- From IETF.draft-ietf-core-object-security-08 (bibliographic) → `orphan/IETF.draft-ietf-core-object-security-08/h:8f7457a1`:
  - cite: I-D.hartke-core-e2e-security-reqs
  - href: https://xml2rfc.tools.ietf.org/public/rfc/bibxml3/reference.I-D.hartke-core-e2e-security-reqs.xml
- From IETF.draft-ietf-core-object-security-08 (bibliographic) → `orphan/IETF.draft-ietf-core-object-security-08/h:a822b9f5`:
  - cite: I-D.mattsson-core-coap-actuators
  - href: https://xml2rfc.tools.ietf.org/public/rfc/bibxml3/reference.I-D.mattsson-core-coap-actuators.xml
- From IETF.draft-ietf-core-object-security-08 (bibliographic) → `orphan/IETF.draft-ietf-core-object-security-08/h:4735b997`:
  - cite: I-D.ietf-ace-oscore-profile
  - href: https://xml2rfc.tools.ietf.org/public/rfc/bibxml3/reference.I-D.ietf-ace-oscore-profile.xml
- From IETF.draft-ietf-core-object-security-08 (bibliographic) → `orphan/IETF.draft-ietf-core-object-security-08/h:66e56711`:
  - cite: I-D.tiloca-core-multicast-oscoap
  - href: https://xml2rfc.tools.ietf.org/public/rfc/bibxml3/reference.I-D.tiloca-core-multicast-oscoap.xml
- From IETF.draft-ietf-core-object-security-08 (bibliographic) → `orphan/IETF.draft-ietf-core-object-security-08/h:c60b3d10`:
  - cite: I-D.ietf-core-echo-request-tag
  - href: https://xml2rfc.tools.ietf.org/public/rfc/bibxml3/reference.I-D.ietf-core-echo-request-tag.xml
- From IETF.draft-ietf-core-object-security-08 (bibliographic) → `orphan/IETF.draft-ietf-core-object-security-08/h:690c7e32`:
  - cite: I-D.ietf-6tisch-minimal-security
  - href: https://xml2rfc.tools.ietf.org/public/rfc/bibxml3/reference.I-D.ietf-6tisch-minimal-security.xml
- From IETF.draft-ietf-core-object-security-08 (bibliographic) → `orphan/IETF.draft-ietf-core-object-security-08/h:f7118992`:
  - cite: I-D.mattsson-ace-tls-oscore
  - href: https://xml2rfc.tools.ietf.org/public/rfc/bibxml3/reference.I-D.mattsson-ace-tls-oscore.xml
- From IETF.draft-ietf-emu-aka-pfs-05 (normative) → `orphan/IETF.draft-ietf-emu-aka-pfs-05/h:55545e77`:
  - cite: NIST, , "Digital Signature Standard (DSS)", July 2013.
- From IETF.draft-ietf-emu-aka-pfs-05 (normative) → `orphan/IETF.draft-ietf-emu-aka-pfs-05/h:7893f92e`:
  - cite: Certicom Research, , "SEC 2: Recommended Elliptic Curve Domain Parameters", September 2000.
- From IETF.draft-ietf-emu-aka-pfs-05 (bibliographic) → `orphan/IETF.draft-ietf-emu-aka-pfs-05/h:cbb70a25`:
  - cite: Arkko, J., Norrman, K., Naslund, M., and B. Sahlin, "A USIM compatible 5G AKA protocol with perfect forward secrecy", August 2015 in Proceedings of the TrustCom 2015, IEEE.
- From IETF.draft-ietf-emu-aka-pfs-05 (bibliographic) → `orphan/IETF.draft-ietf-emu-aka-pfs-05/h:3fd173ad`:
  - cite: Diffie, W., vanOorschot, P., and M. Wiener, "Authentication and Authenticated Key Exchanges", June 1992, in Designs, Codes and Cryptography 2 (2): pp. 107-125.
- From IETF.draft-ietf-emu-tls-eap-types-04 (bibliographic) → `orphan/IETF.draft-ietf-emu-tls-eap-types-04/h:9f30f8ae`:
  - cite: https://msdn.microsoft.com/en-us/library/cc238354.aspx
  - href: https://msdn.microsoft.com/en-us/library/cc238354.aspx
- From IETF.draft-ietf-emu-tls-eap-types-04 (bibliographic) → `orphan/IETF.draft-ietf-emu-tls-eap-types-04/h:88c1b3a9`:
  - cite: https://docs.microsoft.com/en-us/openspecs/windows_protocols/MS- PEAP/e75b0385-915a-4fc3-a549-fd3d06b995b0
  - href: https://docs.microsoft.com/en-us/openspecs/windows_protocols/MS-
- From IETF.draft-ietf-emu-tls-eap-types-04 (bibliographic) → `orphan/IETF.draft-ietf-emu-tls-eap-types-04/h:76009302`:
  - cite: https://docs.microsoft.com/en-us/openspecs/windows_protocols/MS- PEAP/0de54161-0bd3-424a-9b1a-854b4040a6df
  - href: https://docs.microsoft.com/en-us/openspecs/windows_protocols/MS-PEAP/0de54161-0bd3-424a-9b1a-854b4040a6df
- From IETF.draft-ietf-emu-tls-eap-types-04 (bibliographic) → `orphan/IETF.draft-ietf-emu-tls-eap-types-04/h:dd9f5f09`:
  - cite: https://docs.microsoft.com/en-us/openspecs/windows_protocols/MS- PEAP/41288c09-3d7d-482f-a57f-e83691d4d246
  - href: https://docs.microsoft.com/en-us/openspecs/windows_protocols/MS-PEAP/41288c09-3d7d-482f-a57f-e83691d4d246
- From IETF.draft-ietf-lwig-tcp-constrained-node-networks-01 (bibliographic) → `orphan/IETF.draft-ietf-lwig-tcp-constrained-node-networks-01/h:923775e6`:
  - cite: CoAP Congestion Control for the Internet of Things
…and 16 more — [full list here](__PR_DETAILS_DIFF_LINK__)

ℹ️ 23 orphan ref(s) already in the MRI were seen again (not listed).

### 🧠 MRI updated (beforeExit) — uniqueRefIds=57864, orphans=0
