### 🆕 Added 0 new document(s):

### 🔁 Updated 20 existing document(s):
#### RFC4251 (updated fields: keywords)
  - keywords: `\["Remote Login","Ssh Algorithm"\]` → `\["Remote Login","SSH"\]`
#### RFC4269 (updated fields: keywords)
  - keywords: `\["Encryption Algorithm","Seed Cbc","Seed Oid"\]` → `\["Encryption","SEED"\]`
#### RFC4282 (updated fields: keywords)
  - keywords: `\["NAI","Roaming","Tunneling"\]` → `\["NAI","Roaming","Tunnel"\]`
#### RFC4284 (updated fields: keywords)
  - keywords: `\["Nai","Network Access Identifier"\]` → `\["NAI"\]`
#### RFC4288 (updated fields: keywords)
  - keywords: `\["MIME","Multipurpose Internet Mail Extensions","Media Types"\]` → `\["MIME","Multipurpose Internet Mail Extensions","Media Type"\]`
#### RFC4291 (updated fields: keywords)
  - keywords: `\["Internet Protocol Version 6","Unicast","Anycast","Multicast","Node"\]` → `\["IPv6","Unicast","Anycast","Multicast"\]`
#### RFC4301 (updated fields: keywords)
  - keywords: `\["IPSEC","Authentication","Encapsulation","IP","IPv4","IPv6","IP-layer","IP Authentication Header","IP Security","Confidentiality","Authentication Integrity","Anti-replay","Ah","Esp","Encapsulating Security Payload","IKE","Internet Key Exchange","Ikev2","Esn","Extended Sequence Number"\]` → `\["IPSEC","Authentication","Encapsulation","IP","IPv4","IPv6","IP Layer","AH","Confidentiality","Integrity","Anti-replay","ESP","IKE","IKEv2","ESN"\]`
#### RFC4306 (updated fields: references, keywords)
  - keywords: `\["ISAKMPSEC","IPSEC","Internet","Protocol","Security","Association","Key","Cryptography","Authentication","IKE","Oakley","Isakmp"\]` → `\["IPSEC","Internet","Protocol","Security","Cryptography","Authentication","IKE","Oakley","ISAKMP"\]`
  - ➕ Bibliographic Ref(s) added:
 ANSI.X3.106.1983
  - ➖ Bibliographic Ref(s) removed:
 orphan/RFC4306/h:65066386
#### RFC4323 (updated fields: keywords)
  - keywords: `\["SNMP","Cm","Cable Modem","Cmts","Cable Modem Termination System","Docs-ietf-qos-mib"\]` → `\["SNMP","Cable Modem","CMTS","DOCS-IETF-QOS-MIB"\]`
#### RFC4329 (updated fields: keywords)
  - keywords: `\["JavaScript","EMACScript","MIME","Script","Subtype"\]` → `\["JavaScript","ECMAScript","MIME"\]`
#### RFC4346 (updated fields: references)
  - ➕ Normative Ref(s) added:
 ANSI.X3.106.1983
  - ➖ Normative Ref(s) removed:
 orphan/RFC4346/h:549f9f2c
#### RFC4506 (updated fields: keywords)
  - keywords: `\["XDR","Rpc","Onc","Open Network Computing"\]` → `\["XDR","RPC","ONC"\]`
#### RFC4510 (updated fields: keywords)
  - keywords: `\["LDAPV3","LDAV3","X.500","LDAP3-ATD","Syntax","LDAP3-UTF8","ASN.1","String Format","STR-LDAP","LDAP-URL","Lightweight Directory Access Protocol","Universal Resource Locator"\]` → `\["LDAPv3","X.500","Syntax","ASN.1","String Format","LDAP","URL"\]`
#### RFC4514 (updated fields: keywords)
  - keywords: `\["LDAP3-UTF8","LDAPv3","X.500","ASN.1","String","Format"\]` → `\["LDAPv3","X.500","ASN.1","String"\]`
#### RFC4546 (updated fields: references, keywords)
  - keywords: `\["Cmts","Cm","Upstream","Downstream","Tdma","Atdma","Scdma","Quality Of Service","Channel Utilizazation"\]` → `\["CMTS","Cable Modem","Upstream","Downstream","TDMA","ATDMA","SCDMA","Quality Of Service","Channel Utilization"\]`
  - ➕ Normative Ref(s) added:
 ETSI.EN-300-429.1998
  - ➕ Bibliographic Ref(s) added:
 SCTE.22-2.2002SCTE.22-1.2002
  - ➖ Normative Ref(s) removed:
 orphan/RFC4546/h:81c7413a
  - ➖ Bibliographic Ref(s) removed:
 orphan/RFC4546/h:04717b74orphan/RFC4546/h:9a2d42f5
#### RFC4547 (updated fields: references, keywords)
  - keywords: `\["SNMP","MIB","Smiv2","DOCS-IETF-CABLE-DEVICE-NOTIFICATION-MIB"\]` → `\["SNMP","MIB","SMIv2","DOCS-IETF-CABLE-DEVICE-NOTIFICATION-MIB"\]`
  - ➕ Normative Ref(s) added:
 SCTE.22-2.2002SCTE.22-3.2002SCTE.22-1.2002
  - ➖ Normative Ref(s) removed:
 orphan/RFC4547/h:612f952aorphan/RFC4547/h:fa311a75orphan/RFC4547/h:c303c99d
#### RFC4634 (updated fields: keywords)
  - keywords: `\["Fips","Federal Information Processing Standard","Sha-224","Sha-256","Sha-384","Sha-512"\]` → `\["FIPS","SHA-224","SHA-256","SHA-384","SHA-512"\]`
#### RFC4639 (updated fields: references)
  - ➕ Normative Ref(s) added:
 SCTE.22-2.2002SCTE.22-3.2002SCTE.23-3.2005SCTE.22-1.2002SCTE.23-1.2005
  - ➖ Normative Ref(s) removed:
 orphan/RFC4639/h:04717b74orphan/RFC4639/h:6117e584orphan/RFC4639/h:7d054af3orphan/RFC4639/h:9a2d42f5orphan/RFC4639/h:15b2a0e8
#### RFC4648 (updated fields: keywords)
  - keywords: `\["Schemes","Data","Line-feeds","Alphabets","Base Encoding","Hex"\]` → `\["Data","Base Encoding","Hex"\]`
#### RFC4682 (updated fields: references)
  - ➕ Bibliographic Ref(s) added:
 ETSI.EN-300-001.1998ETSI.EN-300-659-1
  - ➖ Bibliographic Ref(s) removed:
 orphan/RFC4682/h:ed5a5ee8orphan/RFC4682/h:332bd337

### ⚠️ Skipped 5 duplicate(s)

ℹ️ 80 orphan ref(s) already in the MRI were seen again (not listed).

### 🧠 MRI updated (beforeExit) — uniqueRefIds=56886, orphans=0
