### 🆕 Added 43 new document(s):
- RFC1123
- RFC1557
- RFC1652
- RFC1766
- RFC1874
- RFC2047
- RFC2048
- RFC2049
- RFC2060
- RFC2119
- RFC2130
- RFC2183
- RFC2279
- RFC2376
- RFC2413
- RFC2445
- RFC2629
- RFC2673
- RFC2703
- RFC2781
- RFC2801
- RFC2978
- RFC3030
- RFC3977
- RFC3987
- RFC4291
- RFC4329
- RFC4648
- RFC5226
- RFC5321
- RFC5890
- RFC5891
- RFC6152
- RFC6531
- RFC6570
- RFC6596
- RFC6839
- RFC6901
- RFC7049
- RFC821
- RFC822
- RFC8288
- RFC977

### 🔁 Updated 0 existing document(s):

### ⚠️ Skipped 14 duplicate(s)
- IETF.draft-bhutton-json-schema-00
- IETF.draft-bhutton-json-schema-01
- IETF.draft-bhutton-json-schema-validation-01
- RFC1035
- RFC1321
- RFC1494
- RFC1521
- RFC1738
- RFC2231
- RFC2396
- RFC2898
- RFC3023
- RFC4246
- RFC7303

### 🚫 Unparseable References Found:

- From RFC1123 (bibliographic):
  - cite: INTRO:2 "DDN Protocol Handbook," NIC-50004, NIC-50005, NIC-50006, (three volumes), SRI International, December 1985.
- From RFC1123 (bibliographic):
  - cite: TELNET:5 "Telnet Suppress Go Ahead Option," J. Postel and J.
- From RFC1123 (bibliographic):
  - cite: DNS:8 "The Domain Name System Handbook," Vol. 4 of Internet Protocol Handbook, NIC 50007, SRI Network Information Center, August 1989. SYSTEM INITIALIZATION REFERENCES:
- From RFC1557 (bibliographic):
  - cite: ASCII American National Standards Institute, "Coded character set -- 7-bit American national standard code for information interchange", ANSI X3.4-1968
- From RFC1557 (bibliographic):
  - cite: KSC5601 Korea Industrial Standards Association, "Code for Information Interchange (Hangul and Hanja)," Korean Industrial Standard, 1987, Ref. No. KS C 5601-1987.
- From RFC1557 (bibliographic):
  - cite: EUC-KR Korea Industrial Standards Association, "Hangul Unix Environment," Korean Industrial Standard, 1992, Ref. No. KS C 5861-1992.
- From RFC2413 (bibliographic):
  - cite: Further information about the Dublin Core Metadata Element Set, http://purl.org/metadata/dublin_core
  - href: http://purl.org/metadata/dublin_core
- From RFC2445 (bibliographic):
  - cite: TZ Olson, A.D., et al, Time zone code and data, ftp://elsie.nci.nih.gov/pub/ , updated periodically.
  - href: ftp://elsie.nci.nih.gov/pub/
- From RFC2445 (bibliographic):
  - cite: VCAL Internet Mail Consortium, "vCalendar - The Electronic Calendaring and Scheduling Exchange Format", http://www.imc.org/pdi/vcal-10.txt , September 18, 1996.
  - href: http://www.imc.org/pdi/vcal-10.txt
- From RFC2629 (bibliographic):
  - cite: World Wide Web Consortium, "Extensible Markup Language (XML) 1.0", W3C XML, February 1998.
- From RFC2629 (bibliographic):
  - cite: http://metalab.unc.edu/xml/
  - href: http://metalab.unc.edu/xml/
- From RFC2629 (bibliographic):
  - cite: http://www.mulberrytech.com/tdtd/
  - href: http://www.mulberrytech.com/tdtd/
- From RFC2629 (bibliographic):
  - cite: http://www.inria.fr/koala/plh/sxml.html
  - href: http://www.inria.fr/koala/plh/sxml.html
- From RFC2629 (bibliographic):
  - cite: http://www.t2000-usa.com/
  - href: http://www.t2000-usa.com/
- From RFC2629 (bibliographic):
  - cite: http://www.alphaworks.ibm.com/formula/xml/
  - href: http://www.alphaworks.ibm.com/formula/xml/
- From RFC2629 (bibliographic):
  - cite: http://memory.palace.org/authoring/
  - href: http://memory.palace.org/authoring/
- From RFC2629 (bibliographic):
  - cite: http://www.cs.helsinki.fi/~jjaakkol/sgrep.html Author's Address Marshall T. Rose Invisible Worlds, Inc. 660 York Street San Francisco, CA 94110 US Phone: +1 415 695 3975 EMail: mrose@not.invisible.net URI: http://invisible.net/
  - href: http://www.cs.helsinki.fi/~jjaakkol/sgrep.html
- From RFC2703 (bibliographic):
  - cite: Holtman, K., et al., "The Alternates Header Field" , Work in Progress.
  - href: https://www.google.com/search?sitesearch=datatracker.ietf.org%2Fdoc%2Fhtml%2F&amp;q=inurl:draft-+%22The+Alternates+Header+Field%22
- From RFC2703 (bibliographic):
  - cite: Hardie, T., "Scenarios for the Delivery of Negotiated Content" , Work in Progress.
  - href: https://www.google.com/search?sitesearch=datatracker.ietf.org%2Fdoc%2Fhtml%2F&amp;q=inurl:draft-+%22Scenarios+for+the+Delivery+of+Negotiated+Content%22
- From RFC2801 (bibliographic):
  - cite: DSA The Digital Signature Algorithm (DSA) published by the National Institute of Standards and Technology (NIST) in the Digital Signature Standard (DSS), which is a part of the US government's Capstone project.
- From RFC2801 (bibliographic):
  - cite: ECCDSA Elliptic Curve Cryptosystems Digital Signature Algorithm (ECCDSA). Elliptic curve cryptosystems are analogues of public-key cryptosystems such as RSA in which modular multiplication is replaced by the elliptic curve addition operation. See: V. S. Miller. Use of elliptic curves in cryptography. In Advances in Cryptology - Crypto '85, pages 417-426, Springer-Verlag, 1986.
- From RFC2801 (bibliographic):
  - cite: OPS Open Profiling Standard. A proposed standard which provides a framework with built-in privacy safeguards for the trusted exchange of profile information between individuals and web sites. Being developed by Netscape and Microsoft amongst others.
- From RFC2801 (bibliographic):
  - cite: RSA RSA is a public-key cryptosystem for both encryption and authentication supported by RSA Data Security Inc. See: R. L. Rivest, A. Shamir, and L.M. Adleman. A method for obtaining digital signatures and public-key cryptosystems. Communications of the ACM, 21(2): 120-126, February 1978.
- From RFC2801 (bibliographic):
  - cite: SCCD Secure Channel Credit Debit. A method of conducting a credit or debit card payment where unauthorised access to account information is prevented through use of secure channel transport mechanisms such as SSL/TLS. An IOTP supplement describing how SCCD works is under development.
- From RFC2801 (bibliographic):
  - cite: SET Secure Electronic Transaction Specification, Version 1.0, May 31, 1997. Supports credit and debit card payments using certificates at the Consumer and Merchant to help ensure authenticity. Download from: &lt; http://www.setco.org &gt;.
  - href: http://www.setco.org
- From RFC2801 (bibliographic):
  - cite: SHA1 [FIPS-180-1]"Secure Hash Standard", National Institute of Standards and Technology, US Department Of Commerce, April 1995. Also known as: 59 Fed Reg. 35317 (1994). See http://www.itl.nist.gov/div897/pubs/fip180-1.htm
  - href: http://www.itl.nist.gov/div897/pubs/fip180-1.htm
- From RFC2801 (bibliographic):
  - cite: UTC Universal Time Co-ordinated. A method of defining time absolutely relative to Greenwich Mean Time (GMT). Typically of the form: "CCYY-MM-DDTHH:MM:SS.sssZ+n" where the "+n" defines the number of hours from GMT. See ISO DIS8601.
- From RFC3977 (normative):
  - cite: ANSI1986 American National Standards Institute, "Coded Character Set - 7-bit American Standard Code for Information Interchange", ANSI X3.4, 1986.
- From RFC3977 (normative):
  - cite: TF.686-1 International Telecommunications Union - Radio, "Glossary, ITU-R Recommendation TF.686-1", ITU-R Recommendation TF.686-1, October 1997.
- From RFC3977 (bibliographic):
  - cite: ROBE1995 Robertson, R., "FAQ: Overview database / NOV General Information", January 1995. There is no definitive copy of this document known to the author. It was previously posted as the Usenet article &lt;news:nov-faq-1-930909720@agate.Berkeley.EDU&gt;
- From RFC3977 (bibliographic):
  - cite: SALZ1992 Salz, R., "Manual Page for wildmat(3) from the INN 1.4 distribution, Revision 1.10", April 1992. There is no definitive copy of this document known to the author.
- From RFC3977 (bibliographic):
  - cite: C HEAD &lt;45223423@example.com&gt;
- From RFC3977 (bibliographic):
  - cite: S 221 0 &lt;45223423@example.com&gt;
- From RFC3977 (bibliographic):
  - cite: S Path: pathost!demo!whitehouse!not-for-mail
- From RFC3977 (bibliographic):
  - cite: S Message-ID: &lt;1234@example.net&gt;
- From RFC3977 (bibliographic):
  - cite: S From: "Demo User" &lt;nobody@example.net&gt;
- From RFC3977 (bibliographic):
  - cite: S Newsgroups: misc.test
- From RFC3977 (bibliographic):
  - cite: S Subject: I am just a test article
- From RFC3977 (bibliographic):
  - cite: S Date: 6 Oct 1998 04:38:40 -0500
- From RFC3977 (bibliographic):
  - cite: S Organization: An Example Net, Uncertain, Texas
- From RFC3977 (bibliographic):
  - cite: S . A.3 . Article Posting As far as NNTP is concerned, the POST and IHAVE commands provide the same basic facilities in a slightly different way. However, they have rather different intentions. The IHAVE command is intended for transmitting conforming articles between a system of NNTP servers, with all articles perhaps also conforming to another specification (e.g., all articles are Netnews articles). It is expected that the client will already have done any necessary validation (or that it has in turn obtained the article from a third party that has done so); therefore, the contents SHOULD be left unchanged. In contrast, the POST command is intended for use when an end-user is injecting a newly created article into a such a system. The article being transferred might not be a conforming email or Netnews article, and the server is expected to validate it and, if necessary, to convert it to the right form for onward distribution. This is often done by a separate piece of software on the server installation; if so, the NNTP server SHOULD pass the incoming article to that software unaltered, making no attempt to filter characters, to fold or limit lines, or to process the incoming text otherwise. The POST command can fail in various ways, and clients should be prepared to re-send an article. When doing so, however, it is often important to ensure (as far as possible) that the same message-id is allocated to both attempts so that the server, or other servers, can recognize the two articles as duplicates. In the case of email or Netnews articles, therefore, the posted article SHOULD contain a header with the name "Message-ID", and the contents of this header SHOULD be identical on each attempt. The server SHOULD ensure that two POSTed articles with the same contents for this header are recognized as identical and that the same message-id is allocated, whether or not those contents are suitable for use as the message-id.
  - href: #appendix-A.3
- From RFC3987 (normative):
  - cite: UTR15 Davis, M. and M. Duerst, "Unicode Normalization Forms", Unicode Standard Annex #15, April 2003, &lt; http://www.unicode.org/unicode/reports/ tr15/tr15-23.html &gt;.
  - href: http://www.unicode.org/unicode/reports/tr15/tr15-23.html
- From RFC3987 (bibliographic):
  - cite: BidiEx "Examples of bidirectional IRIs", &lt; http://www.w3.org/International/iri-edit/ BidiExamples &gt;.
  - href: http://www.w3.org/International/iri-edit/BidiExamples
- From RFC3987 (bibliographic):
  - cite: Duerst97 Duerst, M., "The Properties and Promises of UTF-8", Proc. 11th International Unicode Conference, San Jose , September 1997, &lt; http://www.ifi.unizh.ch/mml/mduerst/papers/ PDF/IUC11-UTF-8.pdf &gt;.
  - href: http://www.ifi.unizh.ch/mml/mduerst/papers/PDF/IUC11-UTF-8.pdf
- From RFC3987 (bibliographic):
  - cite: Gettys Gettys, J., "URI Model Consequences", &lt; http://www.w3.org/DesignIssues/ModelConsequences &gt;.
  - href: http://www.w3.org/DesignIssues/ModelConsequences
- From RFC3987 (bibliographic):
  - cite: HTML4 Raggett, D., Le Hors, A., and I. Jacobs, "HTML 4.01 Specification", World Wide Web Consortium Recommendation, December 1999, &lt; http://www.w3.org/TR/html401/
  - href: http://www.w3.org/TR/html401/appendix/notes.html#h-B.2
- From RFC4291 (bibliographic):
  - cite: EUI64 IEEE, "Guidelines for 64-bit Global Identifier (EUI-64) Registration Authority", http://standards.ieee.org/regauth/oui/tutorials/EUI64.html , March 1997.
  - href: http://standards.ieee.org/regauth/oui/tutorials/EUI64.html
- From RFC4329 (normative):
  - cite: CHARSETS IANA, "Assigned character sets", &lt; http://www.iana.org/assignments/character-sets &gt;.
  - href: http://www.iana.org/assignments/character-sets
- From RFC4329 (bibliographic):
  - cite: JS15 Netscape Communications Corp., "Core JavaScript Reference 1.5", September 2000, &lt; http://web.archive .org/*/http:// devedge.netscape.com/library/manuals/2000 /javascript/1.5/reference/&gt;.
  - href: http://web.archive
- From RFC4648 (bibliographic):
  - cite: Laurie, B., Sisson, G., Arends, R., and D. Blacka, "DNSSEC Hash Authenticated Denial of Existence", Work in Progress, June 2006.
- From RFC4648 (bibliographic):
  - cite: Myers, J., "SASL GSSAPI mechanisms" , Work in Progress, May 2000.
  - href: https://www.google.com/search?sitesearch=datatracker.ietf.org%2Fdoc%2Fhtml%2F&amp;q=inurl:draft-+%22SASL+GSSAPI+mechanisms%22
- From RFC4648 (bibliographic):
  - cite: Wilcox-O'Hearn, B., "Post to P2P-hackers mailing list", http://zgp.org/pipermail/p2p-hackers/2001-September/ 000315.html , September 2001.
  - href: http://zgp.org/pipermail/p2p-hackers/2001-September/000315.html
- From RFC5226 (bibliographic):
  - cite: PROTOCOL-EXT Carpenter, B. and B. Aboba, "Design Considerations for Protocol Extensions", Work in Progress, December 2007.
- From RFC5321 (normative):
  - cite: American National Standards Institute (formerly United States of America Standards Institute), "USA Code for Information Interchange", ANSI X3.4-1968, 1968. ANSI X3.4-1968 has been replaced by newer versions with slight modifications, but the 1968 version remains definitive for the Internet.
- From RFC5321 (bibliographic):
  - cite: Internet Assigned Number Authority (IANA), "IANA Mail Parameters", 2007, &lt; http://www.iana.org/assignments/mail-parameters &gt;.
  - href: http://www.iana.org/assignments/mail-parameters
- From RFC5321 (bibliographic):
  - cite: Internet Assigned Number Authority (IANA), "Address Literal Tags", 2007, &lt; http://www.iana.org/assignments/address-literal-tags &gt;.
  - href: http://www.iana.org/assignments/address-literal-tags
- From RFC5890 (normative):
  - cite: ASCII American National Standards Institute (formerly United States of America Standards Institute), "USA Code for Information Interchange", ANSI X3.4-1968, 1968. ANSI X3.4-1968 has been replaced by newer versions with slight modifications, but the 1968 version remains definitive for the Internet.
- From RFC5890 (bibliographic):
  - cite: IDNA2008-Mapping Resnick, P. and P. Hoffman, "Mapping Characters in Internationalized Domain Names for Applications (IDNA)", Work in Progress, April 2010.
- From RFC5891 (normative):
  - cite: Unicode-UAX15 The Unicode Consortium, "Unicode Standard Annex #15: Unicode Normalization Forms", September 2009, &lt; http://www.unicode.org/reports/tr15/ &gt;.
  - href: http://www.unicode.org/reports/tr15/
- From RFC5891 (bibliographic):
  - cite: ASCII American National Standards Institute (formerly United States of America Standards Institute), "USA Code for Information Interchange", ANSI X3.4-1968, 1968. ANSI X3.4-1968 has been replaced by newer versions with slight modifications, but the 1968 version remains definitive for the Internet.
- From RFC5891 (bibliographic):
  - cite: IDNA2008-Mapping Resnick, P. and P. Hoffman, "Mapping Characters in Internationalized Domain Names for Applications (IDNA)", Work in Progress, April 2010.
- From RFC6531 (normative):
  - cite: ASCII American National Standards Institute (formerly United States of America Standards Institute), "USA Code for Information Interchange", ANSI X3.4-1968, 1968.
- From RFC6570 (normative):
  - cite: ASCII American National Standards Institute, "Coded Character Set - 7-bit American Standard Code for Information Interchange", ANSI X3.4, 1986.
- From RFC6570 (normative):
  - cite: UTR15 Davis, M. and M. Duerst, "Unicode Normalization Forms", Unicode Standard Annex # 15, April 2003, &lt; http://www.unicode.org/unicode/reports/tr15/ tr15-23.html &gt;.
  - href: http://www.unicode.org/unicode/reports/tr15/tr15-23.html
- From RFC6570 (bibliographic):
  - cite: OpenSearch Clinton, D., "OpenSearch 1.1", Draft 5, December 2011, &lt; http://www.opensearch.org/Specifications/OpenSearch &gt;.
  - href: http://www.opensearch.org/Specifications/OpenSearch
- From RFC6570 (bibliographic):
  - cite: UPU-S42 Universal Postal Union, "International Postal Address Components and Templates", UPU S42-1, November 2002, &lt; http://www.upu.int/en/activities/addressing/ standards.html &gt;.
  - href: http://www.upu.int/en/activities/addressing/standards.html
- From RFC6570 (bibliographic):
  - cite: WADL Hadley, M., "Web Application Description Language", World Wide Web Consortium Member Submission SUBM-wadl-20090831, August 2009, &lt; http://www.w3.org/Submission/2009/ SUBM-wadl-20090831/ &gt;.
  - href: http://www.w3.org/Submission/2009/SUBM-wadl-20090831/
- From RFC6839 (normative):
  - cite: WBXML Open Mobile Alliance, "Binary XML Content Format Specification", OMA Wireless Access Protocol WAP-192- WBXML-20010725-a, July 2001.
- From RFC6839 (normative):
  - cite: ZIP PKWARE, Inc., "APPNOTE.TXT - .ZIP File Format Specification", PKWARE .ZIP File Format Specification - Version 6.3.2, September 2007.
- From RFC6839 (bibliographic):
  - cite: XML-MEDIATYPES Lilley, C., Makoto, M., Melnikov, A., and H. Thompson, "XML Media Types", Work in Progress, November 2012. Authors' Addresses Tony Hansen AT&amp;T Laboratories 200 Laurel Ave. South Middletown, NJ 07748 USA EMail: tony+sss@maillennium.att.com Alexey Melnikov Isode Ltd 5 Castle Business Village 36 Station Road Hampton, Middlesex TW12 2BX UK EMail: Alexey.Melnikov@isode.com Hansen &amp; Melnikov Informational [Page 14
- From RFC7049 (normative):
  - cite: TIME_T The Open Group Base Specifications, "Vol. 1: Base Definitions, Issue 7", Section 4.15 'Seconds Since the Epoch', IEEE Std 1003.1, 2013 Edition, 2013, &lt; http://pubs.opengroup.org/onlinepubs/9699919799/ basedefs/V1_chap04.html#tag_04_15 &gt;.
  - href: #section-4.15
- From RFC7049 (bibliographic):
  - cite: BSON Various, "BSON - Binary JSON", 2013, &lt; http://bsonspec.org/ &gt;.
  - href: http://bsonspec.org/
- From RFC7049 (bibliographic):
  - cite: CNN-TERMS Bormann, C., Ersue, M., and A. Keranen, "Terminology for Constrained Node Networks", Work in Progress, July 2013.
- From RFC7049 (bibliographic):
  - cite: MessagePack Furuhashi, S., "MessagePack", 2013, &lt; http://msgpack.org/ &gt;.
  - href: http://msgpack.org/
- From RFC7049 (bibliographic):
  - cite: UBJSON The Buzz Media, "Universal Binary JSON Specification", 2013, &lt; http://ubjson.org/ &gt;.
  - href: http://ubjson.org/
- From RFC7049 (bibliographic):
  - cite: YAML Ben-Kiki, O., Evans, C., and I. Net, "YAML Ain't Markup Language (YAML[TM]) Version 1.2", 3rd Edition, October 2009, &lt; http://www.yaml.org/spec/1.2/spec.html &gt;.
  - href: http://www.yaml.org/spec/1.2/spec.html
- From RFC7049 (bibliographic):
  - cite: [_ 1, [2, 3]] (indefinite length on the outer array) is also shown.
- From RFC821 (bibliographic):
  - cite: ASCII ASCII, "USA Code for Information Interchange", United States of America Standards Institute, X3.4, 1968. Also in: Feinler, E. and J. Postel, eds., "ARPANET Protocol Handbook", NIC 7104, for the Defense Communications Agency by SRI International, Menlo Park, California, Revised January 1978.
- From RFC821 (bibliographic):
  - cite: NCP McKenzie,A., "Host/Host Protocol for the ARPA Network", NIC 8246, January 1972. Also in: Feinler, E. and J. Postel, eds., "ARPANET Protocol Handbook", NIC 7104, for the Defense Communications Agency by SRI International, Menlo Park, California, Revised January 1978.
- From RFC821 (bibliographic):
  - cite: Initial Connection Protocol Postel, J., "Official Initial Connection Protocol", NIC 7101, 11 June 1971. Also in: Feinler, E. and J. Postel, eds., "ARPANET Protocol Handbook", NIC 7104, for the Defense Communications Agency by SRI International, Menlo Park, California, Revised January 1978.
- From RFC821 (bibliographic):
  - cite: NITS PSS/SG3, "A Network Independent Transport Service", Study Group 3, The Post Office PSS Users Group, February 1980. Available from the DCPU, National Physical Laboratory, Teddington, UK.
- From RFC821 (bibliographic):
  - cite: [Page 68] Postel

### 🧠 MRI updated (beforeExit) — uniqueRefIds=1478, orphans=0
