### 🆕 Added 0 new document(s):

### 🔁 Updated 1 existing document(s):
#### RFC2077 (updated fields: docNumber, docType, href, abstract, pages, authors, doi, issn, keywords, status, resolvedHref)
  - docNumber: `undefined` → `2077`
  - docType: `Informational` → `Standard`
  - href: `https://www.rfc-editor.org/info/rfc2077` → `https://doi.org/10.17487/RFC2077`
  - abstract: `undefined` → `The purpose of this memo is to propose an update to Internet RFC 2045 to include a new primary content-type to be known as "model". \[STANDARDS-TRACK\]`
  - pages: `undefined` → `13`
  - authors: `undefined` → `\["Mitra Ardron","Scott D. Nelson","C. Parks"\]`
  - doi: `undefined` → `10.17487/RFC2077`
  - issn: `undefined` → `2070-1721`
  - keywords: `undefined` → `\["MIME-MODEL","MIME","Media","Type","Content"\]`
  - status changed: 
latestVersion: `undefined` → `true`
superseded: `undefined` → `false`
amended: `true` → `undefined`
  - resolvedHref: `undefined` → `https://www.rfc-editor.org/info/rfc2077`

### ⚠️ Skipped 11 duplicate(s)
- IETF.draft-bhutton-json-schema-00
- IETF.draft-bhutton-json-schema-01
- IETF.draft-bhutton-json-schema-validation-01
- RFC1035
- RFC1123
- RFC1321
- RFC1494
- RFC1521
- RFC1557
- RFC2130
- RFC977

### 🧠 MRI skipped write (beforeExit) — only generatedAt would have changed
