### 🆕 Added 0 new document(s):

### 🔁 Updated 6 existing document(s):
#### RFC6570 (updated fields: keywords)
  - keywords: `\["Template","Uniform Resource Identifier","URI","URI Template","IRI","IRI Template"\]` → `\["Uniform Resource Identifier","URI","URI Template","IRI","IRI Template"\]`
#### RFC6657 (updated fields: keywords)
  - keywords: `\["MIME","Charset","Text"\]` → `\["MIME","Charset"\]`
#### RFC6960 (updated fields: keywords)
  - keywords: `\["PKIX","Digital Security","Ocsp"\]` → `\["PKIX","Security","OCSP"\]`
#### RFC6991 (updated fields: keywords)
  - keywords: `\["YANG","Data Model","NETCONF"\]` → `\["YANG","Data Modeling","NETCONF"\]`
#### RFC7230 (updated fields: keywords)
  - keywords: `\["Hyptertext Transfer Protocol","HTTP","HTTP Message Format"\]` → `\["HTTP","HTTP Message Format"\]`
#### RFC7231 (updated fields: keywords)
  - keywords: `\["Hypertext Transfer Protocol","HTTP","HTTP Semantics","HTTP Payload","HTTP Content","HTTP Method","HTTP Status Code"\]` → `\["Hypertext Transfer Protocol","HTTP","HTTP Semantics","HTTP Method","HTTP Status Code"\]`

### ⚠️ Skipped 19 duplicate(s)
- RFC678
- RFC6596
- RFC6597
- RFC6733
- RFC6756
- RFC6818
- RFC6838
- RFC6839
- RFC6854
- RFC6874
- RFC6901
- RFC6931
- RFC6943
- RFC6973
- RFC7049
- RFC7170
- RFC7232
- RFC7233
- RFC7234

ℹ️ 49 orphan ref(s) already in the MRI were seen again (not listed).
