### 🆕 Added 0 new document(s):

### 🔁 Updated 3 existing document(s):
#### RFC1052 (updated fields: references)
  - ➕ Bibliographic Ref(s) added:
 orphan/RFC1052/h:305bb7e5orphan/RFC1052/h:e625b9d7orphan/RFC1052/h:aa48474dorphan/RFC1052/h:8c0b543eorphan/RFC1052/h:d131f3d8orphan/RFC1052/h:5aac9906
  - ➖ Bibliographic Ref(s) removed:
 IETF.draft-aaaaIETF.draft-mmmmIETF.draft-nnnnIETF.draft-ppppIETF.draft-smiIETF.draft-ttttIETF.draft-uuuu
#### RFC2104 (updated fields: keywords)
  - keywords: `\["IPSEC","Message Digest","IP","Security","Encryption"\]` → `\["IPSEC","Message Digest","Encryption","IP","Security"\]`
#### RFC4306 (updated fields: keywords)
  - keywords: `\["IPSEC","IP","Security","Cryptography","Authentication","IKE","Oakley","ISAKMP"\]` → `\["IPSEC","Cryptography","Authentication","IKE","Oakley","ISAKMP","IP","Security"\]`

### ⚠️ Skipped 433 duplicate(s)

### 🆕 New orphan refs (6) — citations without a standard ID:

- From RFC1052 (bibliographic) → `orphan/RFC1052/h:305bb7e5`:
  - cite: Lee LaBarre, "Data Link Layer Management Information: MAC802.3", DRAFT-MMMM, February 1988.
- From RFC1052 (bibliographic) → `orphan/RFC1052/h:e625b9d7`:
  - cite: Lee LaBarre, "Network Layer Management Information: IP", DRAFT-NNNN, February 1988.
- From RFC1052 (bibliographic) → `orphan/RFC1052/h:aa48474d`:
  - cite: Marshall Rose, "ISO Presentation Services on Top of TCP/IP- based Internets", DRAFT-PPPP, February 1988.
- From RFC1052 (bibliographic) → `orphan/RFC1052/h:8c0b543e`:
  - cite: Lee LaBarre, "Structure and Identification of Management Information for the Internet", DRAFT-SMI, February 1988.
- From RFC1052 (bibliographic) → `orphan/RFC1052/h:d131f3d8`:
  - cite: Lee LaBarre, "Transport Layer Management Information: TCP", DRAFT-TTTT, February 1988.
- From RFC1052 (bibliographic) → `orphan/RFC1052/h:5aac9906`:
  - cite: Lee LaBarre, "Transport Layer Management Information: UDP", DRAFT-UUUU, February 1988.

ℹ️ 932 orphan ref(s) already in the MRI were seen again (not listed).

### 🧠 MRI updated (beforeExit) — uniqueRefIds=57848, orphans=0
