### 🆕 Added 0 new document(s):

### 🔁 Updated 40 existing document(s):
#### RFC732 (updated fields: resolvedHref)
  - resolvedHref: `https://www.rfc-editor.org/info/rfc732` → `https://www.rfc-editor.org/info/rfc732/`
#### RFC733 (updated fields: resolvedHref)
  - resolvedHref: `https://www.rfc-editor.org/info/rfc733` → `https://www.rfc-editor.org/info/rfc733/`
#### RFC977 (updated fields: abstract, keywords, resolvedHref)
  - abstract: `NNTP specifies a protocol for the distribution, inquiry, retrieval, and posting of news articles using a reliable stream-based transmission of news among the ARPA-Internet community.  NNTP is designed so that news articles are stored in a central database allowing a subscriber to select only those items he wishes to read.  Indexing, cross-referencing, and expiration of aged messages are also provided.  This RFC suggests a proposed protocol for the ARPA-Internet community, and requests discussion and suggestions for improvements.` → `NNTP specifies a protocol for the distribution, inquiry, retrieval, and posting of news articles using a reliable stream-based transmission of news among the ARPA-Internet community. NNTP is designed so that news articles are stored in a central database allowing a subscriber to select only those items he wishes to read. Indexing, cross-referencing, and expiration of aged messages are also provided. This RFC suggests a proposed protocol for the ARPA-Internet community, and requests discussion and suggestions for improvements.`
  - keywords: `undefined` → `\["Nntp"\]`
  - resolvedHref: `https://www.rfc-editor.org/info/rfc977` → `https://www.rfc-editor.org/info/rfc977/`
#### RFC1035 (updated fields: status, resolvedHref)
  - status changed: 
amended: `true` → `undefined`
amendedBy: `\["RFC1101","RFC1183","RFC1348","RFC1876","RFC1982","RFC1995","RFC1996","RFC2065","RFC2136","RFC2181","RFC2137","RFC2308","RFC2535","RFC2673","RFC2845","RFC3425","RFC3658","RFC4033","RFC4034","RFC4035","RFC4343","RFC5936","RFC5966","RFC6604","RFC7766","RFC8482","RFC8490","RFC8767","RFC9619"\]` → `\["RFC1101","RFC1183","RFC1348","RFC1876","RFC1982","RFC1995","RFC1996","RFC2065","RFC2136","RFC2137","RFC2181","RFC2308","RFC2535","RFC2673","RFC2845","RFC3425","RFC3658","RFC4033","RFC4034","RFC4035","RFC4343","RFC5936","RFC5966","RFC6604","RFC7766","RFC8482","RFC8490","RFC8767","RFC9619"\]`
  - resolvedHref: `https://www.rfc-editor.org/info/rfc1035` → `https://www.rfc-editor.org/info/rfc1035/`
#### RFC1123 (updated fields: authors, status, resolvedHref)
  - authors: `\["Robert T. Braden"\]` → `\["R. Braden"\]`
  - resolvedHref: `https://www.rfc-editor.org/info/rfc1123` → `https://www.rfc-editor.org/info/rfc1123/`
#### RFC1321 (updated fields: authors, keywords, resolvedHref)
  - authors: `\["Ronald L. Rivest"\]` → `\["R. Rivest"\]`
  - keywords: `\["Security","Signature","Encryption"\]` → `\["Security","Signature","Eneryption"\]`
  - resolvedHref: `https://www.rfc-editor.org/info/rfc1321` → `https://www.rfc-editor.org/info/rfc1321/`
#### RFC1494 (updated fields: authors, resolvedHref)
  - authors: `\["Harald T. Alvestrand","Steven J. Thompson"\]` → `\["H. Alvestrand","S. Thompson"\]`
  - resolvedHref: `https://www.rfc-editor.org/info/rfc1494` → `https://www.rfc-editor.org/info/rfc1494/`
#### RFC1521 (updated fields: authors, resolvedHref)
  - authors: `\["Dr. Nathaniel S. Borenstein","Ned Freed"\]` → `\["N. Borenstein","N. Freed"\]`
  - resolvedHref: `https://www.rfc-editor.org/info/rfc1521` → `https://www.rfc-editor.org/info/rfc1521/`
#### RFC1557 (updated fields: authors, resolvedHref)
  - authors: `\["Uhhyung Choi","Dr. Kilnam Chon","Hyun Je Park"\]` → `\["U. Choi","K. Chon","H. Park"\]`
  - resolvedHref: `https://www.rfc-editor.org/info/rfc1557` → `https://www.rfc-editor.org/info/rfc1557/`
#### RFC1590 (updated fields: authors, resolvedHref)
  - authors: `\["Dr. Jon Postel"\]` → `\["J. Postel"\]`
  - resolvedHref: `https://www.rfc-editor.org/info/rfc1590` → `https://www.rfc-editor.org/info/rfc1590/`
#### RFC1652 (updated fields: authors, resolvedHref)
  - authors: `\["Ned Freed","Dr. John C. Klensin","Dr. Marshall T. Rose","Dave Crocker","Einar A. Stefferud"\]` → `\["J. Klensin","N. Freed","M. Rose","E. Stefferud","D. Crocker"\]`
  - resolvedHref: `https://www.rfc-editor.org/info/rfc1652` → `https://www.rfc-editor.org/info/rfc1652/`
#### RFC1737 (updated fields: authors, resolvedHref)
  - authors: `\["Larry M Masinter","Dr. Karen R. Sollins"\]` → `\["K. Sollins","L. Masinter"\]`
  - resolvedHref: `https://www.rfc-editor.org/info/rfc1737` → `https://www.rfc-editor.org/info/rfc1737/`
#### RFC1738 (updated fields: authors, resolvedHref)
  - authors: `\["Tim Berners-Lee","Larry M Masinter","Mark P. McCahill"\]` → `\["T. Berners-Lee","L. Masinter","M. McCahill"\]`
  - resolvedHref: `https://www.rfc-editor.org/info/rfc1738` → `https://www.rfc-editor.org/info/rfc1738/`
#### RFC1766 (updated fields: authors, resolvedHref)
  - authors: `\["Harald T. Alvestrand"\]` → `\["H. Alvestrand"\]`
  - resolvedHref: `https://www.rfc-editor.org/info/rfc1766` → `https://www.rfc-editor.org/info/rfc1766/`
#### RFC1874 (updated fields: authors, resolvedHref)
  - authors: `\["Dr. Ed Levinson"\]` → `\["E. Levinson"\]`
  - resolvedHref: `https://www.rfc-editor.org/info/rfc1874` → `https://www.rfc-editor.org/info/rfc1874/`
#### RFC2045 (updated fields: authors, resolvedHref)
  - authors: `\["Ned Freed","Dr. Nathaniel S. Borenstein"\]` → `\["N. Freed","N. Borenstein"\]`
  - resolvedHref: `https://www.rfc-editor.org/info/rfc2045` → `https://www.rfc-editor.org/info/rfc2045/`
#### RFC2046 (updated fields: authors, resolvedHref)
  - authors: `\["Ned Freed","Dr. Nathaniel S. Borenstein"\]` → `\["N. Freed","N. Borenstein"\]`
  - resolvedHref: `https://www.rfc-editor.org/info/rfc2046` → `https://www.rfc-editor.org/info/rfc2046/`
#### RFC2047 (updated fields: authors, keywords, resolvedHref)
  - authors: `\["Keith Moore"\]` → `\["K. Moore"\]`
  - keywords: `\["MIME-MSG","Media","Types"\]` → `\["MIME-MSG","Media","Type"\]`
  - resolvedHref: `https://www.rfc-editor.org/info/rfc2047` → `https://www.rfc-editor.org/info/rfc2047/`
#### RFC2048 (updated fields: authors, resolvedHref)
  - authors: `\["Dr. Jon Postel","Dr. John C. Klensin","Ned Freed"\]` → `\["N. Freed","J. Klensin","J. Postel"\]`
  - resolvedHref: `https://www.rfc-editor.org/info/rfc2048` → `https://www.rfc-editor.org/info/rfc2048/`
#### RFC2049 (updated fields: authors, keywords, resolvedHref)
  - authors: `\["Ned Freed","Dr. Nathaniel S. Borenstein"\]` → `\["N. Freed","N. Borenstein"\]`
  - keywords: `\["MIME-CONF","Media","Types","Message","Formats"\]` → `\["MIME-CONF","Media","Type","Message","Formats"\]`
  - resolvedHref: `https://www.rfc-editor.org/info/rfc2049` → `https://www.rfc-editor.org/info/rfc2049/`
#### RFC2060 (updated fields: authors, resolvedHref)
  - authors: `\["Mark Crispin"\]` → `\["M. Crispin"\]`
  - resolvedHref: `https://www.rfc-editor.org/info/rfc2060` → `https://www.rfc-editor.org/info/rfc2060/`
#### RFC2077 (updated fields: authors, keywords, resolvedHref)
  - authors: `\["Mitra Ardron","Scott D. Nelson","C. Parks"\]` → `\["S. Nelson","C. Parks","Mitra"\]`
  - keywords: `\["MIME-MODEL","MIME","Media","Types","Content"\]` → `\["MIME-MODEL","MIME","Media","Type","Content"\]`
  - resolvedHref: `https://www.rfc-editor.org/info/rfc2077` → `https://www.rfc-editor.org/info/rfc2077/`
#### RFC2104 (updated fields: authors, resolvedHref)
  - authors: `\["Hugo Krawczyk","Mihir Bellare","Ran Canetti"\]` → `\["H. Krawczyk","M. Bellare","R. Canetti"\]`
  - resolvedHref: `https://www.rfc-editor.org/info/rfc2104` → `https://www.rfc-editor.org/info/rfc2104/`
#### RFC2119 (updated fields: authors, resolvedHref)
  - authors: `\["Scott O. Bradner"\]` → `\["S. Bradner"\]`
  - resolvedHref: `https://www.rfc-editor.org/info/rfc2119` → `https://www.rfc-editor.org/info/rfc2119/`
#### RFC2130 (updated fields: authors, resolvedHref)
  - authors: `\["Ran Atkinson","Peter Svanberg","Cecilia M. Preston","Harald T. Alvestrand","Mark Crispin","Keld Simonsen","Chris Weider"\]` → `\["C. Weider","C. Preston","K. Simonsen","H. Alvestrand","R. Atkinson","M. Crispin","P. Svanberg"\]`
  - resolvedHref: `https://www.rfc-editor.org/info/rfc2130` → `https://www.rfc-editor.org/info/rfc2130/`
#### RFC2141 (updated fields: authors, resolvedHref)
  - authors: `\["Ryan Moats"\]` → `\["R. Moats"\]`
  - resolvedHref: `https://www.rfc-editor.org/info/rfc2141` → `https://www.rfc-editor.org/info/rfc2141/`
#### RFC8323 (updated fields: authors, keywords, resolvedHref)
  - authors: `\["Carsten Bormann","Simon Lemay","Hannes Tschofenig","Klaus Hartke","Bill Silverajan","Brian Raymor"\]` → `\["C. Bormann","S. Lemay","H. Tschofenig","K. Hartke","B. Silverajan","B. Raymor"\]`
  - keywords: `\["CoAP","Constrained Application Protocol","REST","IoT","NAT Traversal","CoAP in Browsers"\]` → `\["CoAP","Constrained Application Protocol","REST","IoT","Internet Of Things","NAT Traversal","CoAP In Browsers"\]`
  - resolvedHref: `https://www.rfc-editor.org/info/rfc8323` → `https://www.rfc-editor.org/info/rfc8323/`
#### RFC8340 (updated fields: authors, resolvedHref)
  - authors: `\["Martin Björklund","Lou Berger"\]` → `\["M. Bjorklund","L. Berger"\]`
  - resolvedHref: `https://www.rfc-editor.org/info/rfc8340` → `https://www.rfc-editor.org/info/rfc8340/`
#### RFC8341 (updated fields: authors, resolvedHref)
  - authors: `\["Andy Bierman","Martin Björklund"\]` → `\["A. Bierman","M. Bjorklund"\]`
  - resolvedHref: `https://www.rfc-editor.org/info/rfc8341` → `https://www.rfc-editor.org/info/rfc8341/`
#### RFC8391 (updated fields: authors, keywords, resolvedHref)
  - authors: `\["Andreas Huelsing","Denis Butin","Stefan-Lukas Gazdag","Joost Rijneveld","Aziz Mohaisen"\]` → `\["A. Huelsing","D. Butin","S. Gazdag","J. Rijneveld","A. Mohaisen"\]`
  - keywords: `\["Digital Signature","Cryptography","Post-quantum Cryptography","Hash-based Signatures","Merkle Signatures","Merkle Tree","Hash Function","Winternitz","Winternitz One-time Signature Scheme","W-OTS","W-OTS+","XMSS-MT","Multi-tree XMSS"\]` → `\["Digital Signature","Cryptography","Post-quantum Cryptography","Hash-based Signatures","Merkle Signatures","Merkle Tree","Hash Function","Winternitz","Winternitz One-time Signature Scheme","WOTS","W-OTS","WOTS+","W-OTS+","XMSS-MT","Multi-tree XMSS"\]`
  - resolvedHref: `https://www.rfc-editor.org/info/rfc8391` → `https://www.rfc-editor.org/info/rfc8391/`
#### RFC8439 (updated fields: authors, resolvedHref)
  - authors: `\["Yoav Nir","Adam Langley"\]` → `\["Y. Nir","A. Langley"\]`
  - resolvedHref: `https://www.rfc-editor.org/info/rfc8439` → `https://www.rfc-editor.org/info/rfc8439/`
#### RFC8525 (updated fields: authors, resolvedHref)
  - authors: `\["Andy Bierman","Martin Björklund","Jürgen Schönwälder","Kent Watsen","Robert Wilton"\]` → `\["A. Bierman","M. Bjorklund","J. Schoenwaelder","K. Watsen","R. Wilton"\]`
  - resolvedHref: `https://www.rfc-editor.org/info/rfc8525` → `https://www.rfc-editor.org/info/rfc8525/`
#### RFC8526 (updated fields: authors, resolvedHref)
  - authors: `\["Martin Björklund","Jürgen Schönwälder","Phil Shafer","Kent Watsen","Robert Wilton"\]` → `\["M. Bjorklund","J. Schoenwaelder","P. Shafer","K. Watsen","R. Wilton"\]`
  - resolvedHref: `https://www.rfc-editor.org/info/rfc8526` → `https://www.rfc-editor.org/info/rfc8526/`
#### RFC8615 (updated fields: authors, resolvedHref)
  - authors: `\["Mark Nottingham"\]` → `\["M. Nottingham"\]`
  - resolvedHref: `https://www.rfc-editor.org/info/rfc8615` → `https://www.rfc-editor.org/info/rfc8615/`
#### RFC8820 (updated fields: authors, status, resolvedHref)
  - authors: `\["Mark Nottingham"\]` → `\["M. Nottingham"\]`
  - resolvedHref: `https://www.rfc-editor.org/info/rfc8820` → `https://www.rfc-editor.org/info/rfc8820/`
#### RFC9048 (updated fields: authors, status, resolvedHref)
  - authors: `\["Jari Arkko","Vesa Lehtovirta","Vesa Torvinen","Pasi Eronen"\]` → `\["J. Arkko","V. Lehtovirta","V. Torvinen","P. Eronen"\]`
  - resolvedHref: `https://www.rfc-editor.org/info/rfc9048` → `https://www.rfc-editor.org/info/rfc9048/`
#### RFC9141 (updated fields: authors, status, resolvedHref)
  - authors: `\["Roman Danyliw"\]` → `\["R. Danyliw"\]`
  - status changed: 
amendedBy: `\[\]` → `\["RFC2077"\]`
  - resolvedHref: `https://www.rfc-editor.org/info/rfc9141` → `https://www.rfc-editor.org/info/rfc9141/`
#### RFC9190 (updated fields: authors, status, resolvedHref)
  - authors: `\["John Preuß Mattsson","Mohit Sethi"\]` → `\["J. Preuß Mattsson","M. Sethi"\]`
  - status changed: 
amendedBy: `\[\]` → `\["RFC9965"\]`
  - resolvedHref: `https://www.rfc-editor.org/info/rfc9190` → `https://www.rfc-editor.org/info/rfc9190/`
#### RFC9231 (updated fields: authors, resolvedHref)
  - authors: `\["Donald E. Eastlake 3rd"\]` → `\["D. Eastlake 3rd"\]`
  - resolvedHref: `https://www.rfc-editor.org/info/rfc9231` → `https://www.rfc-editor.org/info/rfc9231/`
#### RFC9678 (updated fields: authors, resolvedHref)
  - authors: `\["Jari Arkko","Karl Norrman","John Preuß Mattsson"\]` → `\["J. Arkko","K. Norrman","J. Preuß Mattsson"\]`
  - resolvedHref: `https://www.rfc-editor.org/info/rfc9678` → `https://www.rfc-editor.org/info/rfc9678/`

### ⚠️ Skipped 3 duplicate(s)
- IETF.draft-bhutton-json-schema-00
- IETF.draft-bhutton-json-schema-01
- IETF.draft-bhutton-json-schema-validation-01

### 🧠 MRI updated (beforeExit) — uniqueRefIds=3361, orphans=0
