### 🆕 Added 0 new document(s):

### 🔁 Updated 4 existing document(s):
#### RFC1001 (updated fields: keywords)
  - keywords: `\["NETBIOS"\]` → `\["NetBIOS"\]`
#### RFC1002 (updated fields: keywords)
  - keywords: `\["NETBIOS"\]` → `\["NetBIOS"\]`
#### RFC1032 (updated fields: references)
  - ➕ Bibliographic Ref(s) added:
 orphan/RFC1032/h:779c092forphan/RFC1032/h:acef4a8forphan/RFC1032/h:57d9faf0
  - ➖ Bibliographic Ref(s) removed:
 orphan/RFC1032/h:85393987orphan/RFC1032/h:2d5ea53dorphan/RFC1032/h:a4bba14aorphan/RFC1032/h:a425746f
#### RFC1049 (updated fields: references)
  - ➕ Bibliographic Ref(s) added:
 orphan/RFC1049/h:1af32e1e
  - ➖ Bibliographic Ref(s) removed:
 orphan/RFC1049/h:fa738cf3

### ⚠️ Skipped 18 duplicate(s)

### 🆕 New orphan refs (4) — citations without a standard ID:

- From RFC1032 (bibliographic) → `orphan/RFC1032/h:779c092f`:
  - cite: Defense Communications Agency DDN Defense Communications System, DDN Management Bulletin No. 32, Phase I of the Domain Name Implementation, January 1987.
- From RFC1032 (bibliographic) → `orphan/RFC1032/h:acef4a8f`:
  - cite: Defense Communications Agency DDN Defense Communications System, DDN Management Bulletin No. 22, Domain Names Transition, March 1984.
- From RFC1032 (bibliographic) → `orphan/RFC1032/h:57d9faf0`:
  - cite: Mockapetris, P., J. Postel, and P. Kirton, "Name Server Design for Distributed Systems", Proceedings of the Seventh International Conference on Computer Communication, October 30 to November 3 1984, Sidney, Australia. Also as ISI/RS-84-132, June 1984.
- From RFC1049 (bibliographic) → `orphan/RFC1049/h:1af32e1e`:
  - cite: Unilogic. SCRIBE Document Production Software. Unilogic, 1985. Fourth Edition.

ℹ️ 36 orphan ref(s) already in the MRI were seen again (not listed).

### 🧠 MRI updated (beforeExit) — uniqueRefIds=57764, orphans=0
