### 🆕 Added 0 new document(s):

### 🔁 Updated 18 existing document(s):
#### RFC3684 (updated fields: keywords)
  - keywords: `\["TBRPF","Topology Dissemination Based On Reverse-Path Forwarding","Proactive Routing","Ad-hoc Networks","Neighbor Discovery","Link-state Routing","Mobile Ad-hoc Network","Mobile Mesh Network","Packet Radio Network","Wireless Communications"\]` → `\["TBRPF","Proactive Routing","MANET","Neighbor Discovery","Link-state Routing","Packet Radio Network","Wireless Communications"\]`
#### RFC3713 (updated fields: keywords)
  - keywords: `\["Security","Cryptographic"\]` → `\["Security"\]`
#### RFC3748 (updated fields: keywords)
  - keywords: `\["PPP-EAP","EAP","Data Link Layers","Ieee 802"\]` → `\["PPP-EAP","EAP","Data Link Layer","IEEE 802"\]`
#### RFC3798 (updated fields: keywords)
  - keywords: `\["EMF-MDN","MDN","Message Disposition Notifications","Media-type","MIME","Multipurpose Internet Mail Extensions"\]` → `\["Message Disposition Notifications","MDN","Media Type","MIME","Multipurpose Internet Mail Extensions"\]`
#### RFC3962 (updated fields: references, keywords)
  - keywords: `\["Kerberos Cryptosystem Suite"\]` → `\["Kerberos"\]`
  - ➕ Normative Ref(s) added:
 NIST.FIPS.197NIST.FIPS.180-1
  - ➖ Normative Ref(s) removed:
 orphan/RFC3962/h:3bf1bcb3orphan/RFC3962/h:d1ec1da2
#### RFC3970 (updated fields: keywords)
  - keywords: `\["MIB","Management Information Base","TE","Traffic Engineering"\]` → `\["MIB","Traffic Engineering"\]`
#### RFC3986 (updated fields: keywords)
  - keywords: `\["Internet Protocol","IP","Uniform Resource Identifier","URI","Www","World Wide Web"\]` → `\["IP","Uniform Resource Identifier","URI","World Wide Web"\]`
#### RFC4010 (updated fields: keywords)
  - keywords: `\["Smime","secure/multipurpose Internet Mail Extensions"\]` → `\["S/MIME"\]`
#### RFC4050 (updated fields: references, keywords)
  - keywords: `\["Elliptic Curve Digital Signature Algorithm","Ecdsa","Elliptic Curve Cryptography","ECC","XML","Digital Signatures","XML Dsig"\]` → `\["ECDSA","Elliptic Curve Cryptography","ECC","XML","Digital Signatures","XML DSig"\]`
  - ➕ Bibliographic Ref(s) added:
 IEEE.STD1363.2000SECG.SEC1.v1.2000-09SECG.SEC2.v1.2000-09
  - ➖ Bibliographic Ref(s) removed:
 orphan/RFC4050/h:1ad984e3orphan/RFC4050/h:d5f1e9aaorphan/RFC4050/h:d8e88eb6
#### RFC4051 (updated fields: references)
  - ➕ Normative Ref(s) added:
 orphan/RFC4051/h:039a0246
  - ➖ Normative Ref(s) removed:
 orphan/RFC4051/h:9cec7b31
#### RFC4055 (updated fields: references, keywords)
  - keywords: `\["ASN.1","RSASSA-PSS","RSA Probabilistic Signature Scheme","Signature Algorithm","RSAES-OAEP","RSA Encryption Scheme Optimal Asymmetric Encryption Padding","Public-key Cryptography Standards","PKCS","Pki"\]` → `\["ASN.1","RSASSA-PSS","Signature Algorithm","RSAES-OAEP","PKCS","PKI"\]`
  - ➖ Bibliographic Ref(s) removed:
 orphan/RFC4055/h:a7fb4eee
#### RFC4086 (updated fields: references, keywords)
  - keywords: `\["Cryptographic Algorithms","Passwords","Cryptographic Keys","Pseudo-random","Random","Numbers","SEED"\]` → `\["Cryptographic Algorithms","Passwords","Cryptographic Keys","Pseudo-random","Random Numbers","SEED"\]`
  - ➖ Bibliographic Ref(s) removed:
 orphan/RFC4086/h:a94626e4
#### RFC4122 (updated fields: keywords)
  - keywords: `\["URN","Guid","Globally Unique Identifier"\]` → `\["URN","UUID"\]`
#### RFC4131 (updated fields: keywords)
  - keywords: `\["MIB","SNMP","Docs-ietf-bpi2-mib"\]` → `\["MIB","SNMP","DOCS-IETF-BPI2-MIB"\]`
#### RFC4137 (updated fields: keywords)
  - keywords: `\["EAP Stand-alone Authenticator","EAP Backend Authenticator","EAP Full Authenticator"\]` → `\["EAP Authenticator"\]`
#### RFC4169 (updated fields: references)
  - ➕ Bibliographic Ref(s) added:
 3GPP.TS-33.102.200112
  - ➖ Bibliographic Ref(s) removed:
 orphan/RFC4169/h:93a59ecb
#### RFC4186 (updated fields: references)
  - ➕ Normative Ref(s) added:
 ETSI.ETS-300-534.1997ETSI.ETS-300-523.1997
  - ➖ Normative Ref(s) removed:
 orphan/RFC4186/h:993b5e85orphan/RFC4186/h:e0f59bdd
#### RFC4187 (updated fields: keywords)
  - keywords: `\["3GPP","Universal Mobile Telecommunications System","Umts"\]` → `\["3GPP","UMTS"\]`

### ⚠️ Skipped 7 duplicate(s)
- RFC373
- RFC3688
- RFC3741
- RFC3977
- RFC3987
- RFC4036
- RFC4234

### 🆕 New orphan refs (1) — citations without a standard ID:

- From RFC4051 (normative) → `orphan/RFC4051/h:039a0246`:
  - cite: "Information technology -- Security techniques -- Encryption algorithms -- Part 3: Asymmetric ciphers", CD, October 2002.

ℹ️ 92 orphan ref(s) already in the MRI were seen again (not listed).

### 🧠 MRI updated (beforeExit) — uniqueRefIds=57060, orphans=0
