### 🆕 Added 0 new document(s):

### 🔁 Updated 3 existing document(s):
#### RFC732 (updated fields: resolvedHref)
  - resolvedHref: `https://www.rfc-editor.org/info/rfc0732` → `https://www.rfc-editor.org/info/rfc732`
#### RFC733 (updated fields: resolvedHref)
  - resolvedHref: `https://www.rfc-editor.org/info/rfc0733` → `https://www.rfc-editor.org/info/rfc733`
#### RFC977 (updated fields: resolvedHref)
  - resolvedHref: `https://www.rfc-editor.org/info/rfc0977` → `https://www.rfc-editor.org/info/rfc977`

### ⚠️ Skipped 40 duplicate(s)
- IETF.draft-bhutton-json-schema-00
- IETF.draft-bhutton-json-schema-01
- IETF.draft-bhutton-json-schema-validation-01
- RFC1035
- RFC1123
- RFC1321
- RFC1494
- RFC1521
- RFC1557
- RFC1590
- RFC1652
- RFC1737
- RFC1738
- RFC1766
- RFC1874
- RFC2045
- RFC2046
- RFC2047
- RFC2048
- RFC2049
- RFC2060
- RFC2077
- RFC2104
- RFC2119
- RFC2130
- RFC2141
- RFC8323
- RFC8340
- RFC8341
- RFC8391
- RFC8439
- RFC8525
- RFC8526
- RFC8615
- RFC8820
- RFC9048
- RFC9141
- RFC9190
- RFC9231
- RFC9678

### 🧠 MRI skipped write (beforeExit) — only generatedAt would have changed
