### 🆕 Added 0 new document(s):

### 🔁 Updated 14 existing document(s):
#### RFC2413 (updated fields: keywords)
  - keywords: `\["Workshop","Electronic","Librarians","Networks"\]` → `\["Electronic","Librarians","Networks"\]`
#### RFC2418 (updated fields: keywords)
  - keywords: `\["BCP","WG","Escape","Clause"\]` → `\["BCP","Working Group","Escape Clause"\]`
#### RFC2445 (updated fields: keywords)
  - keywords: `\["ICALENDAR","Interoperable","MIME"\]` → `\["iCalendar","MIME"\]`
#### RFC2616 (updated fields: references)
  - ➕ Bibliographic Ref(s) added:
 orphan/RFC2616/h:d1d15f29orphan/RFC2616/h:1b545961
  - ➖ Bibliographic Ref(s) removed:
 orphan/RFC2616/h:efe04b59orphan/RFC2616/h:7e677980orphan/RFC2616/h:eed704b2
#### RFC2629 (updated fields: references, keywords)
  - keywords: `\["Internet-drafts","XML","Source Format"\]` → `\["Internet-Draft","XML","Source Format"\]`
  - ➕ Bibliographic Ref(s) added:
 W3C.xml.19980210orphan/RFC2629/h:33b64368orphan/RFC2629/h:ec70a460orphan/RFC2629/h:b0bb5e93orphan/RFC2629/h:aacdb85corphan/RFC2629/h:9b45bdacorphan/RFC2629/h:0f02d0f6orphan/RFC2629/h:2a910dc1
  - ➖ Bibliographic Ref(s) removed:
 orphan/RFC2629/h:2c794303orphan/RFC2629/h:b917eb07orphan/RFC2629/h:27fd7251
#### RFC2648 (updated fields: keywords)
  - keywords: `\["URN","Internet","Engineering","Task","Force"\]` → `\["URN","IETF"\]`
#### RFC2673 (updated fields: keywords)
  - keywords: `\["DNS","Domain Name System","Data"\]` → `\["DNS","Data"\]`
#### RFC2693 (updated fields: keywords)
  - keywords: `\["SPKI","Simple Public Key Infrastructure","Authentication"\]` → `\["SPKI","Authentication"\]`
#### RFC2781 (updated fields: keywords)
  - keywords: `\["Unicode","Character","Data","Code Point"\]` → `\["Unicode","Character Data","Code Point"\]`
#### RFC2801 (updated fields: keywords)
  - keywords: `\["Commerce","Payment","System","Merchant"\]` → `\["Commerce","Payment System","Merchant"\]`
#### RFC2865 (updated fields: keywords)
  - keywords: `\["RADIUS","Remote Authentication Dial in User Service","Encryption","NAS","Network Access Server"\]` → `\["RADIUS","Encryption","NAS"\]`
#### RFC2898 (updated fields: references)
  - ➖ Bibliographic Ref(s) removed:
 orphan/RFC2898/h:63441198
#### RFC2954 (updated fields: keywords)
  - keywords: `\["FR-MIB","Frame Relay Service","MIB"\]` → `\["FR-MIB","Frame Relay","MIB"\]`
#### RFC2955 (updated fields: keywords)
  - keywords: `\["ATM","Asynchronous Transfer Mode","PVC","Permanent Virtual Connections","MIB"\]` → `\["ATM","PVC","MIB"\]`

### ⚠️ Skipped 11 duplicate(s)
- RFC2396
- RFC2401
- RFC2437
- RFC2459
- RFC2518
- RFC2560
- RFC2617
- RFC2646
- RFC2703
- RFC2818
- RFC2978

### 🆕 New orphan refs (9) — citations without a standard ID:

- From RFC2616 (bibliographic) → `orphan/RFC2616/h:d1d15f29`:
  - cite: Nielsen, H.F., Gettys, J., Baird-Smith, A., Prud'hommeaux, E., Lie, H., and C. Lilley. "Network Performance Effects of HTTP/1.1, CSS1, and PNG," Proceedings of ACM SIGCOMM '97, Cannes France, September 1997.
- From RFC2616 (bibliographic) → `orphan/RFC2616/h:1b545961`:
  - cite: Luotonen, A., "Tunneling TCP based protocols through Web proxy servers," Work in Progress.
- From RFC2629 (bibliographic) → `orphan/RFC2629/h:33b64368`:
  - cite: http://metalab.unc.edu/xml/
  - href: http://metalab.unc.edu/xml/
- From RFC2629 (bibliographic) → `orphan/RFC2629/h:ec70a460`:
  - cite: http://www.mulberrytech.com/tdtd/
  - href: http://www.mulberrytech.com/tdtd/
- From RFC2629 (bibliographic) → `orphan/RFC2629/h:b0bb5e93`:
  - cite: http://www.inria.fr/koala/plh/sxml.html
  - href: http://www.inria.fr/koala/plh/sxml.html
- From RFC2629 (bibliographic) → `orphan/RFC2629/h:aacdb85c`:
  - cite: http://www.t2000-usa.com/
  - href: http://www.t2000-usa.com/
- From RFC2629 (bibliographic) → `orphan/RFC2629/h:9b45bdac`:
  - cite: http://www.alphaworks.ibm.com/formula/xml/
  - href: http://www.alphaworks.ibm.com/formula/xml/
- From RFC2629 (bibliographic) → `orphan/RFC2629/h:0f02d0f6`:
  - cite: http://memory.palace.org/authoring/
  - href: http://memory.palace.org/authoring/
- From RFC2629 (bibliographic) → `orphan/RFC2629/h:2a910dc1`:
  - cite: http://www.cs.helsinki.fi/~jjaakkol/sgrep.html
  - href: http://www.cs.helsinki.fi/~jjaakkol/sgrep.html

ℹ️ 81 orphan ref(s) already in the MRI were seen again (not listed).

### 🧠 MRI updated (beforeExit) — uniqueRefIds=57377, orphans=0
