### 🆕 Added 0 new document(s):

### 🔁 Updated 9 existing document(s):
#### RFC1522 (updated fields: keywords)
  - keywords: `\["Email","Character"\]` → `\["Email"\]`
#### RFC1543 (updated fields: keywords)
  - keywords: `\["Request","For","Comment"\]` → `\["RFC"\]`
#### RFC1625 (updated fields: keywords)
  - keywords: `\["Wide","Area","Information","Servers","Library"\]` → `\["WAIS","Library"\]`
#### RFC1661 (updated fields: keywords)
  - keywords: `\["PPP","Specification","Standard","Link","Serial","Line"\]` → `\["PPP","Serial Line"\]`
#### RFC1700 (updated fields: references, keywords)
  - keywords: `\["Status","Procedure","Parameters","Registered","Allocated"\]` → `\["Parameters"\]`
  - ➕ Bibliographic Ref(s) added:
 orphan/RFC1700/h:c99cc695orphan/RFC1700/h:6fe3dd56orphan/RFC1700/h:252291e6
  - ➖ Bibliographic Ref(s) removed:
 orphan/RFC1700/h:da940aeeorphan/RFC1700/h:b9c937eborphan/RFC1700/h:b71d2506orphan/RFC1700/h:989ff173orphan/RFC1700/h:92e0d8ccorphan/RFC1700/h:6063cc0forphan/RFC1700/h:9df16fadorphan/RFC1700/h:23c1c287orphan/RFC1700/h:b0f0e278orphan/RFC1700/h:89f91c6e
#### RFC1741 (updated fields: keywords)
  - keywords: `\["BINHEX","MIME"\]` → `\["BinHex","MIME"\]`
#### RFC1826 (updated fields: keywords)
  - keywords: `\["IPSEC","IPV6-AH","IP","AH","Security","IPv4","IPv6"\]` → `\["IPSEC","AH","IP","Security","IPv4","IPv6"\]`
#### RFC1842 (updated fields: references)
  - ➕ Bibliographic Ref(s) added:
 orphan/RFC1842/h:07d24941
  - ➖ Bibliographic Ref(s) removed:
 orphan/RFC1842/h:fb44fb11
#### RFC1843 (updated fields: keywords)
  - keywords: `\["GB2312-80","Email"\]` → `\["GB 2312","Email"\]`

### ⚠️ Skipped 16 duplicate(s)
- RFC1524
- RFC1554
- RFC1555
- RFC1556
- RFC1602
- RFC1630
- RFC1641
- RFC1642
- RFC1651
- RFC1731
- RFC1732
- RFC1733
- RFC1736
- RFC1806
- RFC1808
- RFC1815

### 🆕 New orphan refs (4) — citations without a standard ID:

- From RFC1700 (bibliographic) → `orphan/RFC1700/h:c99cc695`:
  - cite: Kay, J. and Pasquale, J., "Measurement, Analysis, and Improvement of UDP/IP Throughput for the DECstation 5000," Proceedings of the Winter 1993 Usenix Conference, January 1993 (available for anonymous FTP in ucsd.edu:/pub/csl/fastnet/fastnet.tar.Z). &lt;jkay@ucsd.edu&gt;
- From RFC1700 (bibliographic) → `orphan/RFC1700/h:6fe3dd56`:
  - cite: Miller, S.P., B.C. Neuman, J.I. Schiller, and J.H. Saltzer, "Project Athena Technical Plan Section E.2.1: Kerberos Authentication and Authorization System", Project Athena, MIT, December 1987.
- From RFC1700 (bibliographic) → `orphan/RFC1700/h:252291e6`:
  - cite: BBN, "Specifications for the Interconnection of a Host and an IMP", Report 1822, Bolt Beranek and Newman, Cambridge, Massachusetts, revised, December 1981.
- From RFC1842 (bibliographic) → `orphan/RFC1842/h:07d24941`:
  - cite: Technical Administrative Bureau of P.R.China, "Coding of Chinese Ideogram Set for Information Interchange Basic Set", GB 2312-80.

ℹ️ 35 orphan ref(s) already in the MRI were seen again (not listed).

### 🧠 MRI updated (beforeExit) — uniqueRefIds=57632, orphans=0
