### 🆕 Added 0 new document(s):

### 🔁 Updated 1 existing document(s):
#### RFC8439 (updated fields: references)
  - ➖ Bibliographic Ref(s) removed:
 orphan/RFC8439/h:0484840e

### ⚠️ Skipped 42 duplicate(s)
- IETF.draft-bhutton-json-schema-00
- IETF.draft-bhutton-json-schema-01
- IETF.draft-bhutton-json-schema-validation-01
- RFC732
- RFC733
- RFC977
- RFC1035
- RFC1123
- RFC1321
- RFC1494
- RFC1521
- RFC1557
- RFC1590
- RFC1652
- RFC1737
- RFC1738
- RFC1766
- RFC1874
- RFC2045
- RFC2046
- RFC2047
- RFC2048
- RFC2049
- RFC2060
- RFC2077
- RFC2104
- RFC2119
- RFC2130
- RFC2141
- RFC8323
- RFC8340
- RFC8341
- RFC8391
- RFC8525
- RFC8526
- RFC8615
- RFC8820
- RFC9048
- RFC9141
- RFC9190
- RFC9231
- RFC9678

### 🧠 MRI updated (beforeExit) — uniqueRefIds=55351, orphans=0
