### 🆕 Added 25 new document(s):
- RFC1522
- RFC1524
- RFC1543
- RFC1554
- RFC1555
- RFC1556
- RFC1602
- RFC1625
- RFC1630
- RFC1641
- RFC1642
- RFC1651
- RFC1661
- RFC1700
- RFC1731
- RFC1732
- RFC1733
- RFC1736
- RFC1741
- RFC1806
…and 5 more — [full list here](__PR_DETAILS_DIFF_LINK__)

### 🔁 Updated 0 existing document(s):

### ⚠️ Skipped 0 duplicate(s)

### 🆕 New orphan refs (46) — citations without a standard ID:

- From RFC1554 (bibliographic) → `orphan/RFC1554/h:7df830a9`:
  - cite: International Organization for Standardization (ISO), "International Register of Coded Character Sets To Be Used With Escape Sequences".
- From RFC1554 (bibliographic) → `orphan/RFC1554/h:6fcf9e03`:
  - cite: Nishikimi, M., Handa, K., and S. Tomura, "Mule: MULtilingual Enhancement to GNU Emacs", Proc. of INET'93, August, 1993.
- From RFC1556 (bibliographic) → `orphan/RFC1556/h:de3792be`:
  - cite: [ECMA TR/53] Handling of Bi-Directional Texts, European Computer Manufacturers Association, 114 Rue du Rhone, CH-1204, Geneva, Switzerland, June 1992.
- From RFC1625 (bibliographic) → `orphan/RFC1625/h:237eb44d`:
  - cite: National Information Standards Organization (NISO). American National Standard Z39.50, Information Retrieval Service Definition and Protocol Specifications for Library Applications, New Brunswick, NJ, Transaction Publishers; 1988.
- From RFC1625 (bibliographic) → `orphan/RFC1625/h:b7017cf4`:
  - cite: Z39.50 Version 3: Draft 8", October 1993. Maintenance Agency Reference: Z39.50MA-034.
- From RFC1625 (bibliographic) → `orphan/RFC1625/h:fa9301b3`:
  - cite: Lynch, C., "Using the Z39.50 Information Retrieval Protocol in the Internet Environment", Work in Progress, November 1993.
- From RFC1630 (bibliographic) → `orphan/RFC1630/h:76d2ffdc`:
  - cite: Alberti, R., et.al., "Notes on the Internet Gopher Protocol", University of Minnesota, December 1991, &lt; ftp://boombox.micro.umn.edu/pub/gopher/ gopher_protocol&gt;. See also &lt;gopher://gopher.micro.umn.edu/00/Information About Gopher/About Gopher&gt;
  - href: ftp://boombox.micro.umn.edu/pub/gopher/
- From RFC1630 (bibliographic) → `orphan/RFC1630/h:3af073b3`:
  - cite: Berners-Lee, T., "Hypertext Transfer Protocol (HTTP)", CERN, December 1991, as updated from time to time, &lt; ftp://info.cern.ch/pub/www/doc/http-spec.txt &gt;
  - href: ftp://info.cern.ch/pub/www/doc/http-spec.txt
- From RFC1630 (bibliographic) → `orphan/RFC1630/h:d768dd26`:
  - cite: Davis, F, et al., "WAIS Interface Protocol: Prototype Functional Specification", Thinking Machines Corporation, April 23, 1990. &lt; ftp://quake.think.com/pub/wa is/doc/protspec.txt&gt;
  - href: ftp://quake.think.com/pub/wa
- From RFC1630 (bibliographic) → `orphan/RFC1630/h:cbcb0bb6`:
  - cite: Kunze, J., "Requirements for URLs", Work in Progress.
- From RFC1630 (bibliographic) → `orphan/RFC1630/h:cb67f20b`:
  - cite: Lynch, C., Coalition for Networked Information: "Workshop on ID and Reference Structures for Networked Information", November 1991. See &lt;wais://quake.think.com/wais-discussion-archives?lynch&gt;
- From RFC1630 (bibliographic) → `orphan/RFC1630/h:fe51fb69`:
  - cite: Neuman, B. Clifford, "Prospero: A Tool for Organizing Internet Resources", Electronic Networking: Research, Applications and Policy, Vol 1 No 2, Meckler Westport CT USA, 1992. See also &lt; ftp://prospero.isi.edu/pub/prospero/oir.ps &gt;
  - href: ftp://prospero.isi.edu/pub/prospero/oir.ps
- From RFC1630 (bibliographic) → `orphan/RFC1630/h:6f1a14a7`:
  - cite: Sollins, K., and L. Masinter, "Requiremnets for URNs", Work in Progress.
- From RFC1700 (bibliographic) → `orphan/RFC1700/h:141013d8`:
  - cite: Cohen, D., "On Holy Wars and a Plea for Peace", IEEE Computer Magazine, October 1981.
- From RFC1700 (bibliographic) → `orphan/RFC1700/h:4d24ee58`:
  - cite: Forsdick, H., "CFTP", Network Message, Bolt Beranek and Newman, January 1982.
- From RFC1700 (bibliographic) → `orphan/RFC1700/h:8feb0062`:
  - cite: Cisco Systems, "Gateway Server Reference Manual", Manual Revision B, January 10, 1988.
- From RFC1700 (bibliographic) → `orphan/RFC1700/h:844fd28d`:
  - cite: Feinler, E., Editor, "DDN Protocol Handbook", Network Information Center, SRI International, December 1985.
- From RFC1700 (bibliographic) → `orphan/RFC1700/h:9ffb04b6`:
  - cite: M/A-COM Government Systems, "Dissimilar Gateway Protocol Specification, Draft Version", Contract no. CS901145, November 16, 1987.
- From RFC1700 (bibliographic) → `orphan/RFC1700/h:fbedc625`:
  - cite: "The Ethernet, A Local Area Network: Data Link Layer and Physical Layer Specification", AA-K759B-TK, Digital Equipment Corporation, Maynard, MA. Also as: "The Ethernet - A Local Area Network", Version 1.0, Digital Equipment Corporation, Intel Corporation, Xerox Corporation, September 1980. And: "The Ethernet, A Local Area Network: Data Link Layer and Physical Layer Specifications", Digital, Intel and Xerox, November 1982. And: XEROX, "The Ethernet, A Local Area Network: Data Link Layer and Physical Layer Specification", X3T51/80-50, Xerox Corporation, Stamford, CT., October 1980.
- From RFC1700 (bibliographic) → `orphan/RFC1700/h:8faa44e5`:
  - cite: Shuttleworth, B., "A Documentary of MFENet, a National Computer Network", UCRL-52317, Lawrence Livermore Labs, Livermore, California, June 1977.
…and 26 more — [full list here](__PR_DETAILS_DIFF_LINK__)

### 🧠 MRI updated (beforeExit) — uniqueRefIds=57639, orphans=0
