### 🆕 Added 0 new document(s):

### 🔁 Updated 8 existing document(s):
#### RFC1098 (updated fields: references)
  - ➕ Bibliographic Ref(s) added:
 ISO.8824.1987ISO.8825.1987
  - ➖ Bibliographic Ref(s) removed:
 orphan/RFC1098/h:d3517136orphan/RFC1098/h:152e6378
#### RFC1327 (updated fields: keywords)
  - keywords: `\["Electronic-mail","Message Handling Systems"\]` → `\["Email","Message Handling Systems"\]`
#### RFC1342 (updated fields: keywords)
  - keywords: `\["Email","Character Sets"\]` → `\["Email","Character Set"\]`
#### RFC1345 (updated fields: references)
  - ➕ Bibliographic Ref(s) added:
 orphan/RFC1345/h:15ace61eorphan/RFC1345/h:fb440e20orphan/RFC1345/h:e97ab68aorphan/RFC1345/h:4bd3f788orphan/RFC1345/h:25a470a5orphan/RFC1345/h:05c0b139orphan/RFC1345/h:32745d2a
  - ➖ Bibliographic Ref(s) removed:
 orphan/RFC1345/h:8cd5318eorphan/RFC1345/h:54a2de01orphan/RFC1345/h:8246a80borphan/RFC1345/h:f07c649dorphan/RFC1345/h:03c09bccorphan/RFC1345/h:512093f4orphan/RFC1345/h:05d45062
#### RFC1423 (updated fields: references)
  - ➕ Bibliographic Ref(s) added:
 NIST.FIPS.46-1NIST.FIPS.81
  - ➖ Bibliographic Ref(s) removed:
 NIST.FIPS.46orphan/RFC1423/h:e01476aa
#### RFC1436 (updated fields: keywords)
  - keywords: `\["GOPHER","Information","Locating"\]` → `\["Gopher"\]`
#### RFC1468 (updated fields: keywords)
  - keywords: `\["Set"\]` → `undefined`
#### RFC1502 (updated fields: references)
  - ➕ Bibliographic Ref(s) added:
 ISO.6937ISO.639.1988
  - ➖ Bibliographic Ref(s) removed:
 orphan/RFC1502/h:21025862orphan/RFC1502/h:2352440f

### ⚠️ Skipped 17 duplicate(s)

### 🆕 New orphan refs (7) — citations without a standard ID:

- From RFC1345 (bibliographic) → `orphan/RFC1345/h:15ace61e`:
  - cite: IBM National Language Support Reference Manual Volume 2, SE09- 8002-01 (March 1990).
- From RFC1345 (bibliographic) → `orphan/RFC1345/h:fb440e20`:
  - cite: IBM 3174 Establishment Controller, Character Set Reference, GA27-3831-02 (March 1990).
- From RFC1345 (bibliographic) → `orphan/RFC1345/h:e97ab68a`:
  - cite: IBM 3270 Information Display System Character Set Reference, Chapter 10, GA27-2837-9 (April 1987)
- From RFC1345 (bibliographic) → `orphan/RFC1345/h:4bd3f788`:
  - cite: IBM DOS 3.30 Reference (Abridged) 94X9575 (February 1987)
- From RFC1345 (bibliographic) → `orphan/RFC1345/h:25a470a5`:
  - cite: IBM Keyboard layouts and code pages, Part Number 07G4586 (June 1991)
- From RFC1345 (bibliographic) → `orphan/RFC1345/h:05c0b139`:
  - cite: HP LaserJet IIP Printer User's Manual, HP Part No. 33471-90901 (June 1989)
- From RFC1345 (bibliographic) → `orphan/RFC1345/h:32745d2a`:
  - cite: VAX/VMS User's Manual, Order Number: AI-Y517A-TE, April 1986.

ℹ️ 12 orphan ref(s) already in the MRI were seen again (not listed).

### 🧠 MRI updated (beforeExit) — uniqueRefIds=57697, orphans=0
