### 🆕 Added 22 new document(s):
- RFC1001
- RFC1002
- RFC1010
- RFC1011
- RFC1031
- RFC1032
- RFC1033
- RFC1034
- RFC1036
- RFC1043
- RFC1047
- RFC1048
- RFC1049
- RFC1052
- RFC1065
- RFC1066
- RFC1073
- RFC1079
- RFC1080
- RFC1084
…and 2 more — [full list here](__PR_DETAILS_DIFF_LINK__)

### 🔁 Updated 0 existing document(s):

### ⚠️ Skipped 0 duplicate(s)

### 🆕 New orphan refs (40) — citations without a standard ID:

- From RFC1001 (bibliographic) → `orphan/RFC1001/h:8b786f52`:
  - cite: IBM Corp., "IBM PC Network Technical Reference Manual", No. 6322916, First Edition, September 1984.
- From RFC1032 (bibliographic) → `orphan/RFC1032/h:85393987`:
  - cite: 2. Defense Communications Agency DDN Defense Communications System, DDN Management Bulletin No. 32, Phase I of the Domain Name Implementation, January 1987.
- From RFC1032 (bibliographic) → `orphan/RFC1032/h:2d5ea53d`:
  - cite: Defense Communications Agency DDN Defense Communications System, DDN Management Bulletin No. 22, Domain Names Transition, March 1984. [ DDN-NEWS:DDN-MGT-BULLETIN-22.TXT
- From RFC1032 (bibliographic) → `orphan/RFC1032/h:a4bba14a`:
  - cite: Defense Communications Agency DDN Defense Communications System, DDN Management Bulletin No. 32, Phase I of the Domain Name Implementation, January 1987. [ DDN-NEWS:DDN-MGT-BULLETIN-32.TXT
- From RFC1032 (bibliographic) → `orphan/RFC1032/h:a425746f`:
  - cite: Mockapetris, P., J. Postel, and P. Kirton, "Name Server Design for Distributed Systems", Proceedings of the Seventh International Conference on Computer Communication, October 30 to November 3 1984, Sidney, Australia. Also as ISI/RS-84-132, June 1984. [ Not online
- From RFC1033 (bibliographic) → `orphan/RFC1033/h:edd55659`:
  - cite: Dunlap, K., "Name Server Operations Guide for BIND", CSRG, Department of Electrical Engineering and Computer Sciences, University of California, Berkeley, California.
- From RFC1048 (bibliographic) → `orphan/RFC1048/h:c6201d4a`:
  - cite: Clark, D., Logging and Status Protocol", Massachusetts Institute of Technology Laboratory for Computer Science, Cambridge, Massachusetts, 1981.
- From RFC1048 (bibliographic) → `orphan/RFC1048/h:a41b7e02`:
  - cite: Campbell, R., "4.2BSD Line Printer Spooler Manual", UNIX Programmer's Manual, Vol II, University of California at Berkeley, Computer Science Division, July 1983.
- From RFC1048 (bibliographic) → `orphan/RFC1048/h:de3afbb9`:
  - cite: "Image Server XT Programmer's Guide", Imagen Corporation, Santa Clara, California, August 1986.
- From RFC1049 (bibliographic) → `orphan/RFC1049/h:33b18657`:
  - cite: Adobe Systems, Inc. Postscript Language Reference Manual. Addison-Wesley, Reading, Mass., 1985.
- From RFC1049 (bibliographic) → `orphan/RFC1049/h:5fdc0657`:
  - cite: ISO TC97/SC18. Standard Generalized Markup Language. Tech. Rept. DIS 8879, ISO, 1986.
- From RFC1049 (bibliographic) → `orphan/RFC1049/h:94dddbe2`:
  - cite: Knuth, Donald E. The TEXbook. Addison-Wesley, Reading, Mass., 1984.
- From RFC1049 (bibliographic) → `orphan/RFC1049/h:7f8a16f2`:
  - cite: Ossanna, Joseph F. NROFF/TROFF User's Manual. Bell Laboratories, Murray Hill, New Jersey, 1976. Computing Science Technical Report No.54.
- From RFC1049 (bibliographic) → `orphan/RFC1049/h:fa738cf3`:
  - cite: Unilogic. SCRIBE Document Production Software. Unilogic, 1985. Fourth Edition. Sirbu [Page 8
- From RFC1052 (bibliographic) → `orphan/RFC1052/h:d02414b5`:
  - cite: Craig Partridge and Glenn Trewitt, "The High-Level Entity Management System", IEEE Network magazine, March 1988.
- From RFC1052 (bibliographic) → `orphan/RFC1052/h:bc05dc88`:
  - cite: Jeffrey R. Case, James R. Davin, Mark S. Fedor, Martin L. Schoffstall, "Introduction to the Simple Gateway Monitoring Protocol", IEEE Network Magazine, March 1988.
- From RFC1052 (bibliographic) → `orphan/RFC1052/h:443a7bb0`:
  - cite: Amatzia Ben-Artzi, "Network Management for TCP/IP Network: An Overview", IDEA-12, February 1988.
- From RFC1052 (bibliographic) → `orphan/RFC1052/h:6be18ec5`:
  - cite: Lee LaBarre, " TCP/IP Network Management Implementors Agreements", IDEA-13, January 1988.
- From RFC1052 (bibliographic) → `orphan/RFC1052/h:657836ba`:
  - cite: ISO/IEC JTC 1/21 N 2058, "2nd DP 9595-1 Information Processing Systems - Open Systems Interconnection - Management Information Service Definition - Part 1: Overview", December 1987.
- From RFC1052 (bibliographic) → `orphan/RFC1052/h:cbe14b66`:
  - cite: ISO/IEC JTC 1/21 N 2059, "2nd DP 9595-2, Information Processing Systems - Open Systems Interconnection - Management Information Service Definition - Part 2: Common Management Information Service Definition", December 1987.
…and 20 more — [full list here](__PR_DETAILS_DIFF_LINK__)

### 🧠 MRI updated (beforeExit) — uniqueRefIds=57765, orphans=0
