### 🆕 Added 25 new document(s):
- RFC1098
- RFC1109
- RFC1116
- RFC1122
- RFC1154
- RFC1176
- RFC1319
- RFC1320
- RFC1327
- RFC1340
- RFC1341
- RFC1342
- RFC1343
- RFC1344
- RFC1345
- RFC1421
- RFC1422
- RFC1423
- RFC1424
- RFC1426
…and 5 more — [full list here](__PR_DETAILS_DIFF_LINK__)

### 🔁 Updated 0 existing document(s):

### ⚠️ Skipped 0 duplicate(s)

### 🆕 New orphan refs (24) — citations without a standard ID:

- From RFC1098 (bibliographic) → `orphan/RFC1098/h:0ed20aed`:
  - cite: Case, J., M. Fedor, M. Schoffstall, and J. Davin, "A Simple Network Management Protocol", Internet Engineering Task Force working note, Network Information Center, SRI International, Menlo Park, California, March 1988.
- From RFC1098 (bibliographic) → `orphan/RFC1098/h:d3517136`:
  - cite: Information processing systems - Open Systems Interconnection, "Specification of Abstract Syntax Notation One (ASN.1)", International Organization for Standardization, International Standard 8824, December 1987.
- From RFC1098 (bibliographic) → `orphan/RFC1098/h:152e6378`:
  - cite: Information processing systems - Open Systems Interconnection, "Specification of Basic Encoding Rules for Abstract Notation One (ASN.1)", International Organization for Standardization, International Standard 8825, December 1987.
- From RFC1327 (bibliographic) → `orphan/RFC1327/h:71ba055e`:
  - cite: Kille, S., (Editor), JNT Mail Protocol (revision 1.0), Joint Network Team, Rutherford Appleton Laboratory, March 1984.
- From RFC1327 (bibliographic) → `orphan/RFC1327/h:a7539d13`:
  - cite: Kille, S., "A String Encoding of Presentation Address," UCL Research Note 89/14, March 1989.
- From RFC1327 (bibliographic) → `orphan/RFC1327/h:6f5996d7`:
  - cite: Larmouth, J., "JNT Name Registration Technical Guide," Salford University Computer Centre, April 1983.
- From RFC1327 (bibliographic) → `orphan/RFC1327/h:995563b0`:
  - cite: Systems85a. CEN/CENELEC/Information Technology/Working Group on Private Message Handling Systems, "FUNCTIONAL STANDARD A/3222," CEN/CLC/IT/WG/PMHS N 17, October 1985.
- From RFC1345 (bibliographic) → `orphan/RFC1345/h:8cd5318e`:
  - cite: (4) IBM National Language Support Reference Manual Volume 2, SE09- 8002-01 (March 1990).
- From RFC1345 (bibliographic) → `orphan/RFC1345/h:54a2de01`:
  - cite: (5) IBM 3174 Establishment Controller, Character Set Reference, GA27-3831-02 (March 1990).
- From RFC1345 (bibliographic) → `orphan/RFC1345/h:8246a80b`:
  - cite: (6) IBM 3270 Information Display System Character Set Reference, Chapter 10, GA27-2837-9 (April 1987)
- From RFC1345 (bibliographic) → `orphan/RFC1345/h:f07c649d`:
  - cite: (7) IBM DOS 3.30 Reference (Abridged) 94X9575 (February 1987)
- From RFC1345 (bibliographic) → `orphan/RFC1345/h:03c09bcc`:
  - cite: (8) IBM Keyboard layouts and code pages, Part Number 07G4586 (June 1991)
- From RFC1345 (bibliographic) → `orphan/RFC1345/h:512093f4`:
  - cite: (9) HP LaserJet IIP Printer User's Manual, HP Part No. 33471-90901 (June 1989)
- From RFC1345 (bibliographic) → `orphan/RFC1345/h:05d45062`:
  - cite: (13) VAX/VMS User's Manual, Order Number: AI-Y517A-TE, April 1986.
- From RFC1423 (bibliographic) → `orphan/RFC1423/h:e01476aa`:
  - cite: Federal Information Processing Standards Publication (FIPS PUB) 81, DES Modes of Operation, 1980 December 2.
- From RFC1423 (bibliographic) → `orphan/RFC1423/h:f304dbaa`:
  - cite: Voydock, V. L. and Kent, S. T., "Security Mechanisms in High- Level Network Protocols", ACM Computing Surveys, Vol. 15, No. 2, June 1983, pp. 135-171.
- From RFC1468 (bibliographic) → `orphan/RFC1468/h:7df830a9`:
  - cite: International Organization for Standardization (ISO), "International Register of Coded Character Sets To Be Used With Escape Sequences".
- From RFC1468 (bibliographic) → `orphan/RFC1468/h:6064dd01`:
  - cite: Japanese Standards Association, "Code for Information Interchange", JIS X 0201-1976.
- From RFC1468 (bibliographic) → `orphan/RFC1468/h:300cc1be`:
  - cite: Japanese Standards Association, "Code of the Japanese graphic character set for information interchange", JIS X 0208-1978, -1983 and -1990.
- From RFC1468 (bibliographic) → `orphan/RFC1468/h:d0232a49`:
  - cite: Ken R. Lunde &lt;lunde@adobe.com&gt;, "Electronic Handling of Japanese Text", March 1992, msi.umn.edu(128.101.24.1):pub/lunde/japan[123].inf
…and 4 more — [full list here](__PR_DETAILS_DIFF_LINK__)

### 🧠 MRI updated (beforeExit) — uniqueRefIds=57700, orphans=0
