### 🆕 Added 0 new document(s):

### 🔁 Updated 12 existing document(s):
#### RFC1864 (updated fields: keywords)
  - keywords: `\["CON-MD5","MIME","Email","Integrity","MIC","Digest"\]` → `\["Content-MD5","MIME","Email","Integrity","MIC","Digest"\]`
#### RFC1866 (updated fields: keywords)
  - keywords: `\["HTML","SGML","Standard","Generalized","World Wide Web"\]` → `\["HTML","SGML","World Wide Web"\]`
#### RFC1945 (updated fields: keywords)
  - keywords: `\["HTTP-1.0","HTTP","World-Wide","Web","Application"\]` → `\["HTTP/1.0","HTTP","World Wide Web","Application"\]`
#### RFC2026 (updated fields: keywords)
  - keywords: `\["Protocols","Copyrights","Intellectual Property"\]` → `\["Copyright","Intellectual Property"\]`
#### RFC2040 (updated fields: keywords)
  - keywords: `\["RC5","Cipher","Block","Chaining","CBC"\]` → `\["RC5","CBC"\]`
#### RFC2110 (updated fields: keywords)
  - keywords: `\["MHTML","Hyper","MIME"\]` → `\["MHTML","MIME","HTML"\]`
#### RFC2183 (updated fields: keywords)
  - keywords: `\["Inline","Attachment","MIME","Mail","Multimedia","Email"\]` → `\["Attachment","MIME","Mail","Multimedia","Email"\]`
#### RFC2244 (updated fields: references, keywords)
  - keywords: `\["ACAP","Application Configuration Access Protocol","URL","Uniform Resource Locator"\]` → `\["ACAP","URL"\]`
  - ➕ Bibliographic Ref(s) added:
 INCITS.X3.4.1968
  - ➖ Bibliographic Ref(s) removed:
 orphan/RFC2244/h:15dd5757
#### RFC2246 (updated fields: references, keywords)
  - keywords: `\["Transport","Protocol","Layer","Authentication","Privacy"\]` → `\["TLS","Authentication","Privacy"\]`
  - ➕ Bibliographic Ref(s) added:
 RSA.PKCS1.v1.5.1993RSA.PKCS6.v1.5.1993RSA.PKCS7.v1.5.1993
  - ➖ Bibliographic Ref(s) removed:
 orphan/RFC2246/h:316f11a1orphan/RFC2246/h:1e24d5b0orphan/RFC2246/h:689fb8deorphan/RFC2246/h:d036342f
#### RFC2268 (updated fields: keywords)
  - keywords: `\["RC2-ENCRP","Encryption","Secre","Key RSA"\]` → `\["RC2","Encryption"\]`
#### RFC2277 (updated fields: references)
  - ➕ Bibliographic Ref(s) added:
 ISO.10646-1.1993
  - ➖ Bibliographic Ref(s) removed:
 orphan/RFC2277/h:113a1059
#### RFC2315 (updated fields: references, keywords)
  - keywords: `\["PKCS-7","Data","Authentication","PEM","Privacy","Enhanced","Mail"\]` → `\["PKCS \#7","Data","Authentication","PEM"\]`
  - ➕ Bibliographic Ref(s) added:
 NIST.SP.500-202RSA.PKCS1.v1.5.1993RSA.PKCS6.v1.5.1993RSA.PKCS9.v1.1.1993
  - ➖ Bibliographic Ref(s) removed:
 orphan/RFC2315/h:35a122a2orphan/RFC2315/h:e393f007orphan/RFC2315/h:d7318209orphan/RFC2315/h:e984a431

### ⚠️ Skipped 13 duplicate(s)

ℹ️ 44 orphan ref(s) already in the MRI were seen again (not listed).

### 🧠 MRI updated (beforeExit) — uniqueRefIds=57446, orphans=0
