### 🆕 Added 3 new document(s):
- RFC1874
- RFC2047
- RFC2048

### 🔁 Updated 2 existing document(s):
#### RFC2045 (updated fields: docNumber, href, abstract, pages, authors, doi, issn, keywords, status, resolvedHref)
  - docNumber: `undefined` → `2045`
  - href: `https://www.rfc-editor.org/info/rfc2045` → `https://doi.org/10.17487/RFC2045`
  - abstract: `undefined` → `This initial document specifies the various headers used to describe the structure of MIME messages. \[STANDARDS-TRACK\]`
  - pages: `undefined` → `31`
  - authors: `undefined` → `\["Ned Freed","Dr. Nathaniel S. Borenstein"\]`
  - doi: `undefined` → `10.17487/RFC2045`
  - issn: `undefined` → `2070-1721`
  - keywords: `undefined` → `\["MIME","Media","Types","Headers"\]`
  - status changed: 
latestVersion: `undefined` → `true`
superseded: `undefined` → `false`
amendedBy: `\[\]` → `\["RFC2184","RFC2231","RFC5335","RFC6532"\]`
  - resolvedHref: `https://datatracker.ietf.org/doc/html/rfc2045` → `https://www.rfc-editor.org/info/rfc2045`
#### RFC2046 (updated fields: docNumber, href, abstract, pages, authors, doi, issn, keywords, status, resolvedHref)
  - docNumber: `undefined` → `2046`
  - href: `https://www.rfc-editor.org/info/rfc2046` → `https://doi.org/10.17487/RFC2046`
  - abstract: `undefined` → `This second document defines the general structure of the MIME media typing system and defines an initial set of media types. \[STANDARDS-TRACK\]`
  - pages: `undefined` → `44`
  - authors: `undefined` → `\["Ned Freed","Dr. Nathaniel S. Borenstein"\]`
  - doi: `undefined` → `10.17487/RFC2046`
  - issn: `undefined` → `2070-1721`
  - keywords: `undefined` → `\["MIME-MEDIA","Headers","Structure"\]`
  - status changed: 
latestVersion: `undefined` → `true`
superseded: `undefined` → `false`
amended: `true` → `undefined`
  - resolvedHref: `https://datatracker.ietf.org/doc/html/rfc2046` → `https://www.rfc-editor.org/info/rfc2046`

### ⚠️ Skipped 17 duplicate(s)
- IETF.draft-bhutton-json-schema-00
- IETF.draft-bhutton-json-schema-01
- IETF.draft-bhutton-json-schema-validation-01
- RFC1035
- RFC1123
- RFC1321
- RFC1494
- RFC1521
- RFC1557
- RFC1590
- RFC1652
- RFC1737
- RFC1738
- RFC1766
- RFC2077
- RFC2130
- RFC977

### 🧠 MRI updated (beforeExit) — uniqueRefIds=1305, orphans=0
