### 🆕 Added 0 new document(s):

### 🔁 Updated 18 existing document(s):
#### RFC5756 (updated fields: keywords)
  - keywords: `\["Rsa Encryption Scheme","Optical Asymmetric Encryption Padding","Subjectpublickeyinfo"\]` → `\["RSA","RSA-OAEP","SubjectPublicKeyInfo"\]`
#### RFC5890 (updated fields: keywords)
  - keywords: `\["IDNA2008","Idn","ASCII","Characters"\]` → `\["IDNA2008","IDN","ASCII","Characters"\]`
#### RFC5891 (updated fields: keywords)
  - keywords: `\["IDNA2008","Idn","ASCII","Characters","Idna Applications"\]` → `\["IDNA2008","IDN","ASCII","Characters"\]`
#### RFC6020 (updated fields: keywords)
  - keywords: `\["NETCONF","XML","Data Modelling"\]` → `\["NETCONF","XML","Data Modeling"\]`
#### RFC6040 (updated fields: keywords)
  - keywords: `\["Congestion Control and Management","Congestion Notification","Information Security","Tunnelling","Encapsulation","Decapsulation","Protocol","ECN","IPSEC"\]` → `\["Congestion Control","Congestion Notification","Information Security","Tunnel","Encapsulation","Decapsulation","Protocol","ECN","IPSEC"\]`
#### RFC6066 (updated fields: keywords)
  - keywords: `\["Server\_name","Max\_fragment\_length","Client\_certificate\_url","Trusted\_ca\_keys","Truncated\_hmac","Status\_request"\]` → `undefined`
#### RFC6090 (updated fields: references)
  - ➕ Bibliographic Ref(s) added:
 NIST.FIPS.180-2ANSI.X9.62
  - ➖ Bibliographic Ref(s) removed:
 orphan/RFC6090/h:15dd550forphan/RFC6090/h:faf126cc
#### RFC6152 (updated fields: keywords)
  - keywords: `\["Simple Mail Transfer"\]` → `\["SMTP"\]`
#### RFC6194 (updated fields: references)
  - ➕ Normative Ref(s) added:
 NIST.FIPS.180-3
  - ➖ Normative Ref(s) removed:
 orphan/RFC6194/h:93df9ad8
#### RFC6234 (updated fields: references)
  - ➕ Normative Ref(s) added:
 NIST.FIPS.180-3
  - ➖ Normative Ref(s) removed:
 orphan/RFC6234/h:9c7a7af4
  - ➖ Bibliographic Ref(s) removed:
 orphan/RFC6234/h:d02bd570
#### RFC6242 (updated fields: keywords)
  - keywords: `\["Network Configuration Protocol"\]` → `\["NETCONF"\]`
#### RFC6243 (updated fields: keywords)
  - keywords: `\["Network Configuration Protocol"\]` → `\["NETCONF"\]`
#### RFC6265 (updated fields: keywords)
  - keywords: `\["Cookie","Set-Cookie","Secure","HttpOnly"\]` → `\["Cookie","Set-Cookie","HttpOnly"\]`
#### RFC6335 (updated fields: keywords)
  - keywords: `\["IANA","Transport","Ports","Port Numbers","Allocation","Assignment","Procedures"\]` → `\["IANA","Transport","Port Numbers"\]`
#### RFC6347 (updated fields: keywords)
  - keywords: `\["DTLS","Dtls Protocol"\]` → `\["DTLS"\]`
#### RFC6454 (updated fields: keywords)
  - keywords: `\["Same-origin","Policy","Security","Cross-origin"\]` → `\["Same-origin","Security","Cross-origin"\]`
#### RFC6455 (updated fields: keywords)
  - keywords: `\["HyBi Working Group","HyBi","WebSocket"\]` → `\["HyBi","WebSocket"\]`
#### RFC6531 (updated fields: keywords)
  - keywords: `\["SMTP","Email I18n","Internationalization","SMTPUTF8"\]` → `\["SMTP","EAI","Internationalization","SMTPUTF8"\]`

### ⚠️ Skipped 7 duplicate(s)
- RFC5785
- RFC5869
- RFC6125
- RFC6151
- RFC6241
- RFC6470
- RFC6557

ℹ️ 94 orphan ref(s) already in the MRI were seen again (not listed).

### 🧠 MRI updated (beforeExit) — uniqueRefIds=56489, orphans=0
