### 🆕 Added 3 new document(s):
- RFC2049
- RFC2060
- RFC2119

### 🔁 Updated 2 existing document(s):
#### RFC2104 (updated fields: references, docNumber, href, abstract, pages, authors, doi, issn, keywords, status, resolvedHref)
  - docNumber: `undefined` → `2104`
  - href: `https://www.rfc-editor.org/info/rfc2104` → `https://doi.org/10.17487/RFC2104`
  - abstract: `undefined` → `This document describes HMAC, a mechanism for message authentication using cryptographic hash functions. HMAC can be used with any iterative cryptographic hash function, e.g., MD5, SHA-1, in combination with a secret shared key. The cryptographic strength of HMAC depends on the properties of the underlying hash function. This memo provides information for the Internet community. This memo does not specify an Internet standard of any kind`
  - pages: `undefined` → `11`
  - authors: `undefined` → `\["Hugo Krawczyk","Mihir Bellare","Ran Canetti"\]`
  - doi: `undefined` → `10.17487/RFC2104`
  - issn: `undefined` → `2070-1721`
  - keywords: `undefined` → `\["Ipsec","Message","Digest","Internet","Protocol","Security","Encryption"\]`
  - status changed: 
latestVersion: `undefined` → `true`
superseded: `undefined` → `false`
amended: `true` → `undefined`
  - resolvedHref: `https://datatracker.ietf.org/doc/html/rfc2104` → `https://www.rfc-editor.org/info/rfc2104`
  - ➕ Bibliographic Ref(s) added:
 RFC1826RFC1321NIST.FIPS.180-1
#### RFC2141 (updated fields: references, docNumber, href, abstract, pages, authors, doi, issn, keywords, status, resolvedHref)
  - docNumber: `undefined` → `2141`
  - href: `https://www.rfc-editor.org/info/rfc2141` → `https://doi.org/10.17487/RFC2141`
  - abstract: `undefined` → `Uniform Resource Names \(URNs\) are intended to serve as persistent, location-independent, resource identifiers. This document sets forward the canonical syntax for URNs. \[STANDARDS-TRACK\]`
  - pages: `undefined` → `8`
  - authors: `undefined` → `\["Ryan Moats"\]`
  - doi: `undefined` → `10.17487/RFC2141`
  - issn: `undefined` → `2070-1721`
  - keywords: `undefined` → `\["URN-SYNTAX","Uniform","Resource","Names"\]`
  - status changed: 
latestVersion: `undefined` → `false`
  - resolvedHref: `https://datatracker.ietf.org/doc/html/rfc2141` → `https://www.rfc-editor.org/info/rfc2141`
  - ➕ Bibliographic Ref(s) added:
 RFC1630RFC1737

### ⚠️ Skipped 22 duplicate(s)
- IETF.draft-bhutton-json-schema-00
- IETF.draft-bhutton-json-schema-01
- IETF.draft-bhutton-json-schema-validation-01
- RFC1035
- RFC1123
- RFC1321
- RFC1494
- RFC1521
- RFC1557
- RFC1590
- RFC1652
- RFC1737
- RFC1738
- RFC1766
- RFC1874
- RFC2045
- RFC2046
- RFC2047
- RFC2048
- RFC2077
- RFC2130
- RFC977

### 🚫 Unparseable References Found:

- From RFC2104 (bibliographic):
  - cite: ANSI ANSI X9.9, "American National Standard for Financial Institution Message Authentication (Wholesale)," American Bankers Association, 1981. Revised 1986.
- From RFC2104 (bibliographic):
  - cite: BCK1 M. Bellare, R. Canetti, and H. Krawczyk, "Keyed Hash Functions and Message Authentication", Proceedings of Crypto'96, LNCS 1109, pp. 1-15. ( http://www.research.ibm.com/security/keyed-md5.html )
  - href: http://www.research.ibm.com/security/keyed-md5.html
- From RFC2104 (bibliographic):
  - cite: BCK2 M. Bellare, R. Canetti, and H. Krawczyk, "Pseudorandom Functions Revisited: The Cascade Construction", Proceedings of FOCS'96.
- From RFC2104 (bibliographic):
  - cite: Dobb H. Dobbertin, "The Status of MD5 After a Recent Attack", RSA Labs' CryptoBytes, Vol. 2 No. 2, Summer 1996. http://www.rsa.com/rsalabs/pubs/cryptobytes.html
  - href: http://www.rsa.com/rsalabs/pubs/cryptobytes.html
- From RFC2104 (bibliographic):
  - cite: PV B. Preneel and P. van Oorschot, "Building fast MACs from hash functions", Advances in Cryptology -- CRYPTO'95 Proceedings, Lecture Notes in Computer Science, Springer-Verlag Vol.963, 1995, pp. 1-14.
- From RFC2104 (bibliographic):
  - cite: MM Meyer, S. and Matyas, S.M., Cryptography, New York Wiley, 1982.
- From RFC2104 (bibliographic):
  - cite: RIPEMD H. Dobbertin, A. Bosselaers, and B. Preneel, "RIPEMD-160: A strengthened version of RIPEMD", Fast Software Encryption, LNCS Vol 1039, pp. 71-82. ftp://ftp.esat.kuleuven.ac.be/pub/COSIC/bosselae/ripemd/ .
  - href: ftp://ftp.esat.kuleuven.ac.be/pub/COSIC/bosselae/ripemd/
- From RFC2104 (bibliographic):
  - cite: Tsu G. Tsudik, "Message authentication with one-way hash functions", In Proceedings of Infocom'92, May 1992. (Also in "Access Control and Policy Enforcement in Internetworks", Ph.D. Dissertation, Computer Science Department, University of Southern California, April 1991.)
- From RFC2104 (bibliographic):
  - cite: VW P. van Oorschot and M. Wiener, "Parallel Collision Search with Applications to Hash Functions and Discrete Logarithms", Proceedings of the 2nd ACM Conf. Computer and Communications Security, Fairfax, VA, November 1994. Authors' Addresses Hugo Krawczyk IBM T.J. Watson Research Center P.O.Box 704 Yorktown Heights, NY 10598 EMail: hugo@watson.ibm.com Mihir Bellare Dept of Computer Science and Engineering Mail Code 0114 University of California at San Diego 9500 Gilman Drive La Jolla, CA 92093 EMail: mihir@cs.ucsd.edu Ran Canetti IBM T.J. Watson Research Center P.O.Box 704 Yorktown Heights, NY 10598 EMail: canetti@watson.ibm.com Krawczyk, et. al. Informational [Page 11
- From RFC2141 (bibliographic):
  - cite: Sollins, K. R., "Requirements and a Framework for URN Resolution Systems," Work in Progress.
- From RFC2141 (bibliographic):
  - cite: Berners-Lee, T., R. Fielding, L. Masinter, "Uniform Resource Locators (URL)," Work in Progress.
- From RFC2141 (bibliographic):
  - cite: 
  - href: #appendix-A.2

### 🧠 MRI updated (beforeExit) — uniqueRefIds=1306, orphans=0
